Archive member included because of file (symbol)

c:/program files (x86)/atmel/atmel toolchain/avr8 gcc/native/3.4.1061/avr8-gnu-toolchain/bin/../lib/gcc/avr/4.8.1/../../../../avr/lib/avr5\libm.a(addsf3.o)
                              Drivers/Motor.o (__addsf3)
c:/program files (x86)/atmel/atmel toolchain/avr8 gcc/native/3.4.1061/avr8-gnu-toolchain/bin/../lib/gcc/avr/4.8.1/../../../../avr/lib/avr5\libm.a(addsf3x.o)
                              c:/program files (x86)/atmel/atmel toolchain/avr8 gcc/native/3.4.1061/avr8-gnu-toolchain/bin/../lib/gcc/avr/4.8.1/../../../../avr/lib/avr5\libm.a(addsf3.o) (__addsf3x)
c:/program files (x86)/atmel/atmel toolchain/avr8 gcc/native/3.4.1061/avr8-gnu-toolchain/bin/../lib/gcc/avr/4.8.1/../../../../avr/lib/avr5\libm.a(cmpsf2.o)
                              Drivers/Motor.o (__lesf2)
c:/program files (x86)/atmel/atmel toolchain/avr8 gcc/native/3.4.1061/avr8-gnu-toolchain/bin/../lib/gcc/avr/4.8.1/../../../../avr/lib/avr5\libm.a(divsf3.o)
                              Drivers/Motor.o (__divsf3)
c:/program files (x86)/atmel/atmel toolchain/avr8 gcc/native/3.4.1061/avr8-gnu-toolchain/bin/../lib/gcc/avr/4.8.1/../../../../avr/lib/avr5\libm.a(divsf3x.o)
                              c:/program files (x86)/atmel/atmel toolchain/avr8 gcc/native/3.4.1061/avr8-gnu-toolchain/bin/../lib/gcc/avr/4.8.1/../../../../avr/lib/avr5\libm.a(divsf3.o) (__divsf3x)
c:/program files (x86)/atmel/atmel toolchain/avr8 gcc/native/3.4.1061/avr8-gnu-toolchain/bin/../lib/gcc/avr/4.8.1/../../../../avr/lib/avr5\libm.a(fixunssfsi.o)
                              Drivers/Motor.o (__fixunssfsi)
c:/program files (x86)/atmel/atmel toolchain/avr8 gcc/native/3.4.1061/avr8-gnu-toolchain/bin/../lib/gcc/avr/4.8.1/../../../../avr/lib/avr5\libm.a(floatsisf.o)
                              Utils/uartUtil.o (__floatunsisf)
c:/program files (x86)/atmel/atmel toolchain/avr8 gcc/native/3.4.1061/avr8-gnu-toolchain/bin/../lib/gcc/avr/4.8.1/../../../../avr/lib/avr5\libm.a(fp_cmp.o)
                              c:/program files (x86)/atmel/atmel toolchain/avr8 gcc/native/3.4.1061/avr8-gnu-toolchain/bin/../lib/gcc/avr/4.8.1/../../../../avr/lib/avr5\libm.a(cmpsf2.o) (__fp_cmp)
c:/program files (x86)/atmel/atmel toolchain/avr8 gcc/native/3.4.1061/avr8-gnu-toolchain/bin/../lib/gcc/avr/4.8.1/../../../../avr/lib/avr5\libm.a(fp_inf.o)
                              c:/program files (x86)/atmel/atmel toolchain/avr8 gcc/native/3.4.1061/avr8-gnu-toolchain/bin/../lib/gcc/avr/4.8.1/../../../../avr/lib/avr5\libm.a(addsf3x.o) (__fp_inf)
c:/program files (x86)/atmel/atmel toolchain/avr8 gcc/native/3.4.1061/avr8-gnu-toolchain/bin/../lib/gcc/avr/4.8.1/../../../../avr/lib/avr5\libm.a(fp_nan.o)
                              c:/program files (x86)/atmel/atmel toolchain/avr8 gcc/native/3.4.1061/avr8-gnu-toolchain/bin/../lib/gcc/avr/4.8.1/../../../../avr/lib/avr5\libm.a(addsf3x.o) (__fp_nan)
c:/program files (x86)/atmel/atmel toolchain/avr8 gcc/native/3.4.1061/avr8-gnu-toolchain/bin/../lib/gcc/avr/4.8.1/../../../../avr/lib/avr5\libm.a(fp_pscA.o)
                              c:/program files (x86)/atmel/atmel toolchain/avr8 gcc/native/3.4.1061/avr8-gnu-toolchain/bin/../lib/gcc/avr/4.8.1/../../../../avr/lib/avr5\libm.a(addsf3x.o) (__fp_pscA)
c:/program files (x86)/atmel/atmel toolchain/avr8 gcc/native/3.4.1061/avr8-gnu-toolchain/bin/../lib/gcc/avr/4.8.1/../../../../avr/lib/avr5\libm.a(fp_pscB.o)
                              c:/program files (x86)/atmel/atmel toolchain/avr8 gcc/native/3.4.1061/avr8-gnu-toolchain/bin/../lib/gcc/avr/4.8.1/../../../../avr/lib/avr5\libm.a(addsf3x.o) (__fp_pscB)
c:/program files (x86)/atmel/atmel toolchain/avr8 gcc/native/3.4.1061/avr8-gnu-toolchain/bin/../lib/gcc/avr/4.8.1/../../../../avr/lib/avr5\libm.a(fp_round.o)
                              c:/program files (x86)/atmel/atmel toolchain/avr8 gcc/native/3.4.1061/avr8-gnu-toolchain/bin/../lib/gcc/avr/4.8.1/../../../../avr/lib/avr5\libm.a(addsf3.o) (__fp_round)
c:/program files (x86)/atmel/atmel toolchain/avr8 gcc/native/3.4.1061/avr8-gnu-toolchain/bin/../lib/gcc/avr/4.8.1/../../../../avr/lib/avr5\libm.a(fp_split3.o)
                              c:/program files (x86)/atmel/atmel toolchain/avr8 gcc/native/3.4.1061/avr8-gnu-toolchain/bin/../lib/gcc/avr/4.8.1/../../../../avr/lib/avr5\libm.a(addsf3x.o) (__fp_split3)
c:/program files (x86)/atmel/atmel toolchain/avr8 gcc/native/3.4.1061/avr8-gnu-toolchain/bin/../lib/gcc/avr/4.8.1/../../../../avr/lib/avr5\libm.a(fp_zero.o)
                              c:/program files (x86)/atmel/atmel toolchain/avr8 gcc/native/3.4.1061/avr8-gnu-toolchain/bin/../lib/gcc/avr/4.8.1/../../../../avr/lib/avr5\libm.a(addsf3x.o) (__fp_zero)
c:/program files (x86)/atmel/atmel toolchain/avr8 gcc/native/3.4.1061/avr8-gnu-toolchain/bin/../lib/gcc/avr/4.8.1/../../../../avr/lib/avr5\libm.a(gesf2.o)
                              Drivers/Motor.o (__gesf2)
c:/program files (x86)/atmel/atmel toolchain/avr8 gcc/native/3.4.1061/avr8-gnu-toolchain/bin/../lib/gcc/avr/4.8.1/../../../../avr/lib/avr5\libm.a(mulsf3.o)
                              Drivers/Motor.o (__mulsf3)
c:/program files (x86)/atmel/atmel toolchain/avr8 gcc/native/3.4.1061/avr8-gnu-toolchain/bin/../lib/gcc/avr/4.8.1/../../../../avr/lib/avr5\libm.a(mulsf3x.o)
                              c:/program files (x86)/atmel/atmel toolchain/avr8 gcc/native/3.4.1061/avr8-gnu-toolchain/bin/../lib/gcc/avr/4.8.1/../../../../avr/lib/avr5\libm.a(mulsf3.o) (__mulsf3x)
c:/program files (x86)/atmel/atmel toolchain/avr8 gcc/native/3.4.1061/avr8-gnu-toolchain/bin/../lib/gcc/avr/4.8.1/avr5\libgcc.a(_udivmodsi4.o)
                              Drivers/serial.o (__udivmodsi4)
c:/program files (x86)/atmel/atmel toolchain/avr8 gcc/native/3.4.1061/avr8-gnu-toolchain/bin/../lib/gcc/avr/4.8.1/avr5\libgcc.a(_exit.o)
                              c:/program files (x86)/atmel/atmel toolchain/avr8 gcc/native/3.4.1061/avr8-gnu-toolchain/bin/../lib/gcc/avr/4.8.1/../../../../avr/lib/avr5/crtm328p.o (exit)
c:/program files (x86)/atmel/atmel toolchain/avr8 gcc/native/3.4.1061/avr8-gnu-toolchain/bin/../lib/gcc/avr/4.8.1/avr5\libgcc.a(_tablejump.o)
                              RTOS/timers.o (__tablejump2__)
c:/program files (x86)/atmel/atmel toolchain/avr8 gcc/native/3.4.1061/avr8-gnu-toolchain/bin/../lib/gcc/avr/4.8.1/avr5\libgcc.a(_copy_data.o)
                              Drivers/flash.o (__do_copy_data)
c:/program files (x86)/atmel/atmel toolchain/avr8 gcc/native/3.4.1061/avr8-gnu-toolchain/bin/../lib/gcc/avr/4.8.1/avr5\libgcc.a(_clear_bss.o)
                              Drivers/flash.o (__do_clear_bss)
c:/program files (x86)/atmel/atmel toolchain/avr8 gcc/native/3.4.1061/avr8-gnu-toolchain/bin/../lib/gcc/avr/4.8.1/../../../../avr/lib/avr5\libc.a(memcpy.o)
                              RTOS/queue.o (memcpy)
c:/program files (x86)/atmel/atmel toolchain/avr8 gcc/native/3.4.1061/avr8-gnu-toolchain/bin/../lib/gcc/avr/4.8.1/../../../../avr/lib/avr5\libc.a(memset.o)
                              RTOS/tasks.o (memset)
c:/program files (x86)/atmel/atmel toolchain/avr8 gcc/native/3.4.1061/avr8-gnu-toolchain/bin/../lib/gcc/avr/4.8.1/../../../../avr/lib/avr5\libc.a(eerd_block_atmega328p.o)
                              main.o (__eerd_block_m328p)
c:/program files (x86)/atmel/atmel toolchain/avr8 gcc/native/3.4.1061/avr8-gnu-toolchain/bin/../lib/gcc/avr/4.8.1/../../../../avr/lib/avr5\libc.a(eewr_byte_atmega328p.o)
                              main.o (__eewr_byte_m328p)

Allocating common symbols
Common symbol       size              file

xCharsForTx         0x2               Drivers/serial.o
xRxedChars          0x2               Drivers/serial.o
derivative          0x4               Drivers/Motor.o
output              0x4               Drivers/Motor.o
comTaskHandle       0x2               Utils/uartUtil.o
ledTaskHandle       0x2               Drivers/flash.o
intOCR2B_Int        0x4               Drivers/Motor.o
ledTaskRate         0x2               Drivers/flash.o
buffer              0x22              Utils/uartUtil.o
rate_up             0x4               Drivers/Motor.o
vMotor_Handle       0x2               Drivers/Motor.o
error               0x2               Drivers/Motor.o
rate_down           0x4               Drivers/Motor.o
clkElapsed          0x2               Drivers/Motor.o
intOCR2B_Int_S      0x1               Drivers/Motor.o
motor_semaphore     0x2               Drivers/Motor.o

Discarded input sections

 .data          0x00000000        0x0 c:/program files (x86)/atmel/atmel toolchain/avr8 gcc/native/3.4.1061/avr8-gnu-toolchain/bin/../lib/gcc/avr/4.8.1/../../../../avr/lib/avr5/crtm328p.o
 .bss           0x00000000        0x0 c:/program files (x86)/atmel/atmel toolchain/avr8 gcc/native/3.4.1061/avr8-gnu-toolchain/bin/../lib/gcc/avr/4.8.1/../../../../avr/lib/avr5/crtm328p.o
 .text          0x00000000        0x0 Drivers/flash.o
 .data          0x00000000        0x0 Drivers/flash.o
 .bss           0x00000000        0x0 Drivers/flash.o
 .text          0x00000000        0x0 Drivers/Motor.o
 .data          0x00000000        0x0 Drivers/Motor.o
 .bss           0x00000000        0x0 Drivers/Motor.o
 .bss.runDur    0x00000000        0x1 Drivers/Motor.o
 .text          0x00000000        0x0 Drivers/serial.o
 .data          0x00000000        0x0 Drivers/serial.o
 .bss           0x00000000        0x0 Drivers/serial.o
 .text.vSerialClose
                0x00000000       0x5c Drivers/serial.o
 .text          0x00000000        0x0 main.o
 .data          0x00000000        0x0 main.o
 .bss           0x00000000        0x0 main.o
 .text.prvIncrementResetCount
                0x00000000       0x34 main.o
 .text          0x00000000        0x0 RTOS/list.o
 .data          0x00000000        0x0 RTOS/list.o
 .bss           0x00000000        0x0 RTOS/list.o
 .text          0x00000000        0x0 RTOS/mem_mang/heap_1.o
 .data          0x00000000        0x0 RTOS/mem_mang/heap_1.o
 .bss           0x00000000        0x0 RTOS/mem_mang/heap_1.o
 .text.vPortInitialiseBlocks
                0x00000000       0x16 RTOS/mem_mang/heap_1.o
 .text.xPortGetFreeHeapSize
                0x00000000       0x22 RTOS/mem_mang/heap_1.o
 .text          0x00000000        0x0 RTOS/portable/port.o
 .data          0x00000000        0x0 RTOS/portable/port.o
 .bss           0x00000000        0x0 RTOS/portable/port.o
 .text.vPortEndScheduler
                0x00000000        0xe RTOS/portable/port.o
 .text          0x00000000        0x0 RTOS/queue.o
 .data          0x00000000        0x0 RTOS/queue.o
 .bss           0x00000000        0x0 RTOS/queue.o
 .text.xQueuePeekFromISR
                0x00000000       0x78 RTOS/queue.o
 .text.uxQueueMessagesWaiting
                0x00000000       0x32 RTOS/queue.o
 .text.uxQueueSpacesAvailable
                0x00000000       0x4e RTOS/queue.o
 .text.uxQueueMessagesWaitingFromISR
                0x00000000       0x28 RTOS/queue.o
 .text.vQueueDelete
                0x00000000       0x4a RTOS/queue.o
 .text.xQueueIsQueueEmptyFromISR
                0x00000000       0x32 RTOS/queue.o
 .text.xQueueIsQueueFullFromISR
                0x00000000       0x3a RTOS/queue.o
 .text          0x00000000        0x0 RTOS/tasks.o
 .data          0x00000000        0x0 RTOS/tasks.o
 .bss           0x00000000        0x0 RTOS/tasks.o
 .text.vTaskDelete
                0x00000000       0xb6 RTOS/tasks.o
 .text.vTaskDelay
                0x00000000       0x6a RTOS/tasks.o
 .text.vTaskSuspend
                0x00000000       0xc6 RTOS/tasks.o
 .text.prvTaskIsTaskSuspended
                0x00000000       0x64 RTOS/tasks.o
 .text.vTaskResume
                0x00000000       0xce RTOS/tasks.o
 .text.xTaskResumeFromISR
                0x00000000       0xce RTOS/tasks.o
 .text.vTaskEndScheduler
                0x00000000       0x18 RTOS/tasks.o
 .text.xTaskGetTickCountFromISR
                0x00000000       0x2a RTOS/tasks.o
 .text.uxTaskGetNumberOfTasks
                0x00000000       0x12 RTOS/tasks.o
 .text.vTaskPlaceOnUnorderedEventList
                0x00000000       0xaa RTOS/tasks.o
 .text.xTaskRemoveFromUnorderedEventList
                0x00000000       0xd6 RTOS/tasks.o
 .text.uxTaskResetEventItemValue
                0x00000000       0x54 RTOS/tasks.o
 .text          0x00000000        0x0 RTOS/timers.o
 .data          0x00000000        0x0 RTOS/timers.o
 .bss           0x00000000        0x0 RTOS/timers.o
 .text.xTimerCreate
                0x00000000       0xb6 RTOS/timers.o
 .text.pcTimerGetTimerName
                0x00000000       0x30 RTOS/timers.o
 .text.xTimerIsTimerActive
                0x00000000       0x4a RTOS/timers.o
 .text.pvTimerGetTimerID
                0x00000000       0x30 RTOS/timers.o
 .text          0x00000000        0x0 Utils/ledUtil.o
 .data          0x00000000        0x0 Utils/ledUtil.o
 .bss           0x00000000        0x0 Utils/ledUtil.o
 .text.vParTestSetLED
                0x00000000       0x78 Utils/ledUtil.o
 .text          0x00000000        0x0 Utils/uartUtil.o
 .data          0x00000000        0x0 Utils/uartUtil.o
 .bss           0x00000000        0x0 Utils/uartUtil.o
 .progmem.data.txClearReset
                0x00000000        0x8 Utils/uartUtil.o
 .progmem.data.txStartMessA
                0x00000000       0x24 Utils/uartUtil.o
 .progmem.data.txStartMessB
                0x00000000       0x24 Utils/uartUtil.o
 .progmem.data.txStartMessC
                0x00000000       0x24 Utils/uartUtil.o
 .progmem.data.txStartMessD
                0x00000000       0x24 Utils/uartUtil.o
 .progmem.data.txStartMessE
                0x00000000       0x24 Utils/uartUtil.o
 .progmem.data.txStartMessF
                0x00000000       0x1e Utils/uartUtil.o
 .progmem.data.txStartMessG
                0x00000000       0x1f Utils/uartUtil.o
 .progmem.data.txStartMessH
                0x00000000       0x23 Utils/uartUtil.o
 .progmem.data.txStartMessI
                0x00000000       0x23 Utils/uartUtil.o
 .text.fnPrintString
                0x00000000       0x76 Utils/uartUtil.o
 .progmem.data.chTaskA
                0x00000000        0x9 Utils/uartUtil.o
 .progmem.data.chTaskB
                0x00000000        0xa Utils/uartUtil.o
 .progmem.data.chTaskC
                0x00000000        0xa Utils/uartUtil.o
 .progmem.data.chTaskD
                0x00000000        0xa Utils/uartUtil.o
 .progmem.data.chTaskE
                0x00000000        0xa Utils/uartUtil.o
 .progmem.data.chTaskF
                0x00000000        0xa Utils/uartUtil.o
 .rodata.chNL   0x00000000        0x2 Utils/uartUtil.o
 .text          0x00000000        0x0 c:/program files (x86)/atmel/atmel toolchain/avr8 gcc/native/3.4.1061/avr8-gnu-toolchain/bin/../lib/gcc/avr/4.8.1/../../../../avr/lib/avr5\libm.a(addsf3.o)
 .data          0x00000000        0x0 c:/program files (x86)/atmel/atmel toolchain/avr8 gcc/native/3.4.1061/avr8-gnu-toolchain/bin/../lib/gcc/avr/4.8.1/../../../../avr/lib/avr5\libm.a(addsf3.o)
 .bss           0x00000000        0x0 c:/program files (x86)/atmel/atmel toolchain/avr8 gcc/native/3.4.1061/avr8-gnu-toolchain/bin/../lib/gcc/avr/4.8.1/../../../../avr/lib/avr5\libm.a(addsf3.o)
 .text          0x00000000        0x0 c:/program files (x86)/atmel/atmel toolchain/avr8 gcc/native/3.4.1061/avr8-gnu-toolchain/bin/../lib/gcc/avr/4.8.1/../../../../avr/lib/avr5\libm.a(addsf3x.o)
 .data          0x00000000        0x0 c:/program files (x86)/atmel/atmel toolchain/avr8 gcc/native/3.4.1061/avr8-gnu-toolchain/bin/../lib/gcc/avr/4.8.1/../../../../avr/lib/avr5\libm.a(addsf3x.o)
 .bss           0x00000000        0x0 c:/program files (x86)/atmel/atmel toolchain/avr8 gcc/native/3.4.1061/avr8-gnu-toolchain/bin/../lib/gcc/avr/4.8.1/../../../../avr/lib/avr5\libm.a(addsf3x.o)
 .text          0x00000000        0x0 c:/program files (x86)/atmel/atmel toolchain/avr8 gcc/native/3.4.1061/avr8-gnu-toolchain/bin/../lib/gcc/avr/4.8.1/../../../../avr/lib/avr5\libm.a(cmpsf2.o)
 .data          0x00000000        0x0 c:/program files (x86)/atmel/atmel toolchain/avr8 gcc/native/3.4.1061/avr8-gnu-toolchain/bin/../lib/gcc/avr/4.8.1/../../../../avr/lib/avr5\libm.a(cmpsf2.o)
 .bss           0x00000000        0x0 c:/program files (x86)/atmel/atmel toolchain/avr8 gcc/native/3.4.1061/avr8-gnu-toolchain/bin/../lib/gcc/avr/4.8.1/../../../../avr/lib/avr5\libm.a(cmpsf2.o)
 .text          0x00000000        0x0 c:/program files (x86)/atmel/atmel toolchain/avr8 gcc/native/3.4.1061/avr8-gnu-toolchain/bin/../lib/gcc/avr/4.8.1/../../../../avr/lib/avr5\libm.a(divsf3.o)
 .data          0x00000000        0x0 c:/program files (x86)/atmel/atmel toolchain/avr8 gcc/native/3.4.1061/avr8-gnu-toolchain/bin/../lib/gcc/avr/4.8.1/../../../../avr/lib/avr5\libm.a(divsf3.o)
 .bss           0x00000000        0x0 c:/program files (x86)/atmel/atmel toolchain/avr8 gcc/native/3.4.1061/avr8-gnu-toolchain/bin/../lib/gcc/avr/4.8.1/../../../../avr/lib/avr5\libm.a(divsf3.o)
 .text          0x00000000        0x0 c:/program files (x86)/atmel/atmel toolchain/avr8 gcc/native/3.4.1061/avr8-gnu-toolchain/bin/../lib/gcc/avr/4.8.1/../../../../avr/lib/avr5\libm.a(divsf3x.o)
 .data          0x00000000        0x0 c:/program files (x86)/atmel/atmel toolchain/avr8 gcc/native/3.4.1061/avr8-gnu-toolchain/bin/../lib/gcc/avr/4.8.1/../../../../avr/lib/avr5\libm.a(divsf3x.o)
 .bss           0x00000000        0x0 c:/program files (x86)/atmel/atmel toolchain/avr8 gcc/native/3.4.1061/avr8-gnu-toolchain/bin/../lib/gcc/avr/4.8.1/../../../../avr/lib/avr5\libm.a(divsf3x.o)
 .text          0x00000000        0x0 c:/program files (x86)/atmel/atmel toolchain/avr8 gcc/native/3.4.1061/avr8-gnu-toolchain/bin/../lib/gcc/avr/4.8.1/../../../../avr/lib/avr5\libm.a(fixunssfsi.o)
 .data          0x00000000        0x0 c:/program files (x86)/atmel/atmel toolchain/avr8 gcc/native/3.4.1061/avr8-gnu-toolchain/bin/../lib/gcc/avr/4.8.1/../../../../avr/lib/avr5\libm.a(fixunssfsi.o)
 .bss           0x00000000        0x0 c:/program files (x86)/atmel/atmel toolchain/avr8 gcc/native/3.4.1061/avr8-gnu-toolchain/bin/../lib/gcc/avr/4.8.1/../../../../avr/lib/avr5\libm.a(fixunssfsi.o)
 .text          0x00000000        0x0 c:/program files (x86)/atmel/atmel toolchain/avr8 gcc/native/3.4.1061/avr8-gnu-toolchain/bin/../lib/gcc/avr/4.8.1/../../../../avr/lib/avr5\libm.a(floatsisf.o)
 .data          0x00000000        0x0 c:/program files (x86)/atmel/atmel toolchain/avr8 gcc/native/3.4.1061/avr8-gnu-toolchain/bin/../lib/gcc/avr/4.8.1/../../../../avr/lib/avr5\libm.a(floatsisf.o)
 .bss           0x00000000        0x0 c:/program files (x86)/atmel/atmel toolchain/avr8 gcc/native/3.4.1061/avr8-gnu-toolchain/bin/../lib/gcc/avr/4.8.1/../../../../avr/lib/avr5\libm.a(floatsisf.o)
 .text          0x00000000        0x0 c:/program files (x86)/atmel/atmel toolchain/avr8 gcc/native/3.4.1061/avr8-gnu-toolchain/bin/../lib/gcc/avr/4.8.1/../../../../avr/lib/avr5\libm.a(fp_cmp.o)
 .data          0x00000000        0x0 c:/program files (x86)/atmel/atmel toolchain/avr8 gcc/native/3.4.1061/avr8-gnu-toolchain/bin/../lib/gcc/avr/4.8.1/../../../../avr/lib/avr5\libm.a(fp_cmp.o)
 .bss           0x00000000        0x0 c:/program files (x86)/atmel/atmel toolchain/avr8 gcc/native/3.4.1061/avr8-gnu-toolchain/bin/../lib/gcc/avr/4.8.1/../../../../avr/lib/avr5\libm.a(fp_cmp.o)
 .text          0x00000000        0x0 c:/program files (x86)/atmel/atmel toolchain/avr8 gcc/native/3.4.1061/avr8-gnu-toolchain/bin/../lib/gcc/avr/4.8.1/../../../../avr/lib/avr5\libm.a(fp_inf.o)
 .data          0x00000000        0x0 c:/program files (x86)/atmel/atmel toolchain/avr8 gcc/native/3.4.1061/avr8-gnu-toolchain/bin/../lib/gcc/avr/4.8.1/../../../../avr/lib/avr5\libm.a(fp_inf.o)
 .bss           0x00000000        0x0 c:/program files (x86)/atmel/atmel toolchain/avr8 gcc/native/3.4.1061/avr8-gnu-toolchain/bin/../lib/gcc/avr/4.8.1/../../../../avr/lib/avr5\libm.a(fp_inf.o)
 .text          0x00000000        0x0 c:/program files (x86)/atmel/atmel toolchain/avr8 gcc/native/3.4.1061/avr8-gnu-toolchain/bin/../lib/gcc/avr/4.8.1/../../../../avr/lib/avr5\libm.a(fp_nan.o)
 .data          0x00000000        0x0 c:/program files (x86)/atmel/atmel toolchain/avr8 gcc/native/3.4.1061/avr8-gnu-toolchain/bin/../lib/gcc/avr/4.8.1/../../../../avr/lib/avr5\libm.a(fp_nan.o)
 .bss           0x00000000        0x0 c:/program files (x86)/atmel/atmel toolchain/avr8 gcc/native/3.4.1061/avr8-gnu-toolchain/bin/../lib/gcc/avr/4.8.1/../../../../avr/lib/avr5\libm.a(fp_nan.o)
 .text          0x00000000        0x0 c:/program files (x86)/atmel/atmel toolchain/avr8 gcc/native/3.4.1061/avr8-gnu-toolchain/bin/../lib/gcc/avr/4.8.1/../../../../avr/lib/avr5\libm.a(fp_pscA.o)
 .data          0x00000000        0x0 c:/program files (x86)/atmel/atmel toolchain/avr8 gcc/native/3.4.1061/avr8-gnu-toolchain/bin/../lib/gcc/avr/4.8.1/../../../../avr/lib/avr5\libm.a(fp_pscA.o)
 .bss           0x00000000        0x0 c:/program files (x86)/atmel/atmel toolchain/avr8 gcc/native/3.4.1061/avr8-gnu-toolchain/bin/../lib/gcc/avr/4.8.1/../../../../avr/lib/avr5\libm.a(fp_pscA.o)
 .text          0x00000000        0x0 c:/program files (x86)/atmel/atmel toolchain/avr8 gcc/native/3.4.1061/avr8-gnu-toolchain/bin/../lib/gcc/avr/4.8.1/../../../../avr/lib/avr5\libm.a(fp_pscB.o)
 .data          0x00000000        0x0 c:/program files (x86)/atmel/atmel toolchain/avr8 gcc/native/3.4.1061/avr8-gnu-toolchain/bin/../lib/gcc/avr/4.8.1/../../../../avr/lib/avr5\libm.a(fp_pscB.o)
 .bss           0x00000000        0x0 c:/program files (x86)/atmel/atmel toolchain/avr8 gcc/native/3.4.1061/avr8-gnu-toolchain/bin/../lib/gcc/avr/4.8.1/../../../../avr/lib/avr5\libm.a(fp_pscB.o)
 .text          0x00000000        0x0 c:/program files (x86)/atmel/atmel toolchain/avr8 gcc/native/3.4.1061/avr8-gnu-toolchain/bin/../lib/gcc/avr/4.8.1/../../../../avr/lib/avr5\libm.a(fp_round.o)
 .data          0x00000000        0x0 c:/program files (x86)/atmel/atmel toolchain/avr8 gcc/native/3.4.1061/avr8-gnu-toolchain/bin/../lib/gcc/avr/4.8.1/../../../../avr/lib/avr5\libm.a(fp_round.o)
 .bss           0x00000000        0x0 c:/program files (x86)/atmel/atmel toolchain/avr8 gcc/native/3.4.1061/avr8-gnu-toolchain/bin/../lib/gcc/avr/4.8.1/../../../../avr/lib/avr5\libm.a(fp_round.o)
 .text          0x00000000        0x0 c:/program files (x86)/atmel/atmel toolchain/avr8 gcc/native/3.4.1061/avr8-gnu-toolchain/bin/../lib/gcc/avr/4.8.1/../../../../avr/lib/avr5\libm.a(fp_split3.o)
 .data          0x00000000        0x0 c:/program files (x86)/atmel/atmel toolchain/avr8 gcc/native/3.4.1061/avr8-gnu-toolchain/bin/../lib/gcc/avr/4.8.1/../../../../avr/lib/avr5\libm.a(fp_split3.o)
 .bss           0x00000000        0x0 c:/program files (x86)/atmel/atmel toolchain/avr8 gcc/native/3.4.1061/avr8-gnu-toolchain/bin/../lib/gcc/avr/4.8.1/../../../../avr/lib/avr5\libm.a(fp_split3.o)
 .text          0x00000000        0x0 c:/program files (x86)/atmel/atmel toolchain/avr8 gcc/native/3.4.1061/avr8-gnu-toolchain/bin/../lib/gcc/avr/4.8.1/../../../../avr/lib/avr5\libm.a(fp_zero.o)
 .data          0x00000000        0x0 c:/program files (x86)/atmel/atmel toolchain/avr8 gcc/native/3.4.1061/avr8-gnu-toolchain/bin/../lib/gcc/avr/4.8.1/../../../../avr/lib/avr5\libm.a(fp_zero.o)
 .bss           0x00000000        0x0 c:/program files (x86)/atmel/atmel toolchain/avr8 gcc/native/3.4.1061/avr8-gnu-toolchain/bin/../lib/gcc/avr/4.8.1/../../../../avr/lib/avr5\libm.a(fp_zero.o)
 .text          0x00000000        0x0 c:/program files (x86)/atmel/atmel toolchain/avr8 gcc/native/3.4.1061/avr8-gnu-toolchain/bin/../lib/gcc/avr/4.8.1/../../../../avr/lib/avr5\libm.a(gesf2.o)
 .data          0x00000000        0x0 c:/program files (x86)/atmel/atmel toolchain/avr8 gcc/native/3.4.1061/avr8-gnu-toolchain/bin/../lib/gcc/avr/4.8.1/../../../../avr/lib/avr5\libm.a(gesf2.o)
 .bss           0x00000000        0x0 c:/program files (x86)/atmel/atmel toolchain/avr8 gcc/native/3.4.1061/avr8-gnu-toolchain/bin/../lib/gcc/avr/4.8.1/../../../../avr/lib/avr5\libm.a(gesf2.o)
 .text          0x00000000        0x0 c:/program files (x86)/atmel/atmel toolchain/avr8 gcc/native/3.4.1061/avr8-gnu-toolchain/bin/../lib/gcc/avr/4.8.1/../../../../avr/lib/avr5\libm.a(mulsf3.o)
 .data          0x00000000        0x0 c:/program files (x86)/atmel/atmel toolchain/avr8 gcc/native/3.4.1061/avr8-gnu-toolchain/bin/../lib/gcc/avr/4.8.1/../../../../avr/lib/avr5\libm.a(mulsf3.o)
 .bss           0x00000000        0x0 c:/program files (x86)/atmel/atmel toolchain/avr8 gcc/native/3.4.1061/avr8-gnu-toolchain/bin/../lib/gcc/avr/4.8.1/../../../../avr/lib/avr5\libm.a(mulsf3.o)
 .text          0x00000000        0x0 c:/program files (x86)/atmel/atmel toolchain/avr8 gcc/native/3.4.1061/avr8-gnu-toolchain/bin/../lib/gcc/avr/4.8.1/../../../../avr/lib/avr5\libm.a(mulsf3x.o)
 .data          0x00000000        0x0 c:/program files (x86)/atmel/atmel toolchain/avr8 gcc/native/3.4.1061/avr8-gnu-toolchain/bin/../lib/gcc/avr/4.8.1/../../../../avr/lib/avr5\libm.a(mulsf3x.o)
 .bss           0x00000000        0x0 c:/program files (x86)/atmel/atmel toolchain/avr8 gcc/native/3.4.1061/avr8-gnu-toolchain/bin/../lib/gcc/avr/4.8.1/../../../../avr/lib/avr5\libm.a(mulsf3x.o)
 .text          0x00000000        0x0 c:/program files (x86)/atmel/atmel toolchain/avr8 gcc/native/3.4.1061/avr8-gnu-toolchain/bin/../lib/gcc/avr/4.8.1/avr5\libgcc.a(_udivmodsi4.o)
 .data          0x00000000        0x0 c:/program files (x86)/atmel/atmel toolchain/avr8 gcc/native/3.4.1061/avr8-gnu-toolchain/bin/../lib/gcc/avr/4.8.1/avr5\libgcc.a(_udivmodsi4.o)
 .bss           0x00000000        0x0 c:/program files (x86)/atmel/atmel toolchain/avr8 gcc/native/3.4.1061/avr8-gnu-toolchain/bin/../lib/gcc/avr/4.8.1/avr5\libgcc.a(_udivmodsi4.o)
 .text.libgcc.mul
                0x00000000        0x0 c:/program files (x86)/atmel/atmel toolchain/avr8 gcc/native/3.4.1061/avr8-gnu-toolchain/bin/../lib/gcc/avr/4.8.1/avr5\libgcc.a(_udivmodsi4.o)
 .text.libgcc   0x00000000        0x0 c:/program files (x86)/atmel/atmel toolchain/avr8 gcc/native/3.4.1061/avr8-gnu-toolchain/bin/../lib/gcc/avr/4.8.1/avr5\libgcc.a(_udivmodsi4.o)
 .text.libgcc.prologue
                0x00000000        0x0 c:/program files (x86)/atmel/atmel toolchain/avr8 gcc/native/3.4.1061/avr8-gnu-toolchain/bin/../lib/gcc/avr/4.8.1/avr5\libgcc.a(_udivmodsi4.o)
 .text.libgcc.builtins
                0x00000000        0x0 c:/program files (x86)/atmel/atmel toolchain/avr8 gcc/native/3.4.1061/avr8-gnu-toolchain/bin/../lib/gcc/avr/4.8.1/avr5\libgcc.a(_udivmodsi4.o)
 .text.libgcc.fmul
                0x00000000        0x0 c:/program files (x86)/atmel/atmel toolchain/avr8 gcc/native/3.4.1061/avr8-gnu-toolchain/bin/../lib/gcc/avr/4.8.1/avr5\libgcc.a(_udivmodsi4.o)
 .text.libgcc.fixed
                0x00000000        0x0 c:/program files (x86)/atmel/atmel toolchain/avr8 gcc/native/3.4.1061/avr8-gnu-toolchain/bin/../lib/gcc/avr/4.8.1/avr5\libgcc.a(_udivmodsi4.o)
 .text          0x00000000        0x0 c:/program files (x86)/atmel/atmel toolchain/avr8 gcc/native/3.4.1061/avr8-gnu-toolchain/bin/../lib/gcc/avr/4.8.1/avr5\libgcc.a(_exit.o)
 .data          0x00000000        0x0 c:/program files (x86)/atmel/atmel toolchain/avr8 gcc/native/3.4.1061/avr8-gnu-toolchain/bin/../lib/gcc/avr/4.8.1/avr5\libgcc.a(_exit.o)
 .bss           0x00000000        0x0 c:/program files (x86)/atmel/atmel toolchain/avr8 gcc/native/3.4.1061/avr8-gnu-toolchain/bin/../lib/gcc/avr/4.8.1/avr5\libgcc.a(_exit.o)
 .text.libgcc.mul
                0x00000000        0x0 c:/program files (x86)/atmel/atmel toolchain/avr8 gcc/native/3.4.1061/avr8-gnu-toolchain/bin/../lib/gcc/avr/4.8.1/avr5\libgcc.a(_exit.o)
 .text.libgcc.div
                0x00000000        0x0 c:/program files (x86)/atmel/atmel toolchain/avr8 gcc/native/3.4.1061/avr8-gnu-toolchain/bin/../lib/gcc/avr/4.8.1/avr5\libgcc.a(_exit.o)
 .text.libgcc   0x00000000        0x0 c:/program files (x86)/atmel/atmel toolchain/avr8 gcc/native/3.4.1061/avr8-gnu-toolchain/bin/../lib/gcc/avr/4.8.1/avr5\libgcc.a(_exit.o)
 .text.libgcc.prologue
                0x00000000        0x0 c:/program files (x86)/atmel/atmel toolchain/avr8 gcc/native/3.4.1061/avr8-gnu-toolchain/bin/../lib/gcc/avr/4.8.1/avr5\libgcc.a(_exit.o)
 .text.libgcc.builtins
                0x00000000        0x0 c:/program files (x86)/atmel/atmel toolchain/avr8 gcc/native/3.4.1061/avr8-gnu-toolchain/bin/../lib/gcc/avr/4.8.1/avr5\libgcc.a(_exit.o)
 .text.libgcc.fmul
                0x00000000        0x0 c:/program files (x86)/atmel/atmel toolchain/avr8 gcc/native/3.4.1061/avr8-gnu-toolchain/bin/../lib/gcc/avr/4.8.1/avr5\libgcc.a(_exit.o)
 .text.libgcc.fixed
                0x00000000        0x0 c:/program files (x86)/atmel/atmel toolchain/avr8 gcc/native/3.4.1061/avr8-gnu-toolchain/bin/../lib/gcc/avr/4.8.1/avr5\libgcc.a(_exit.o)
 .text          0x00000000        0x0 c:/program files (x86)/atmel/atmel toolchain/avr8 gcc/native/3.4.1061/avr8-gnu-toolchain/bin/../lib/gcc/avr/4.8.1/avr5\libgcc.a(_tablejump.o)
 .data          0x00000000        0x0 c:/program files (x86)/atmel/atmel toolchain/avr8 gcc/native/3.4.1061/avr8-gnu-toolchain/bin/../lib/gcc/avr/4.8.1/avr5\libgcc.a(_tablejump.o)
 .bss           0x00000000        0x0 c:/program files (x86)/atmel/atmel toolchain/avr8 gcc/native/3.4.1061/avr8-gnu-toolchain/bin/../lib/gcc/avr/4.8.1/avr5\libgcc.a(_tablejump.o)
 .text.libgcc.mul
                0x00000000        0x0 c:/program files (x86)/atmel/atmel toolchain/avr8 gcc/native/3.4.1061/avr8-gnu-toolchain/bin/../lib/gcc/avr/4.8.1/avr5\libgcc.a(_tablejump.o)
 .text.libgcc.div
                0x00000000        0x0 c:/program files (x86)/atmel/atmel toolchain/avr8 gcc/native/3.4.1061/avr8-gnu-toolchain/bin/../lib/gcc/avr/4.8.1/avr5\libgcc.a(_tablejump.o)
 .text.libgcc.prologue
                0x00000000        0x0 c:/program files (x86)/atmel/atmel toolchain/avr8 gcc/native/3.4.1061/avr8-gnu-toolchain/bin/../lib/gcc/avr/4.8.1/avr5\libgcc.a(_tablejump.o)
 .text.libgcc.builtins
                0x00000000        0x0 c:/program files (x86)/atmel/atmel toolchain/avr8 gcc/native/3.4.1061/avr8-gnu-toolchain/bin/../lib/gcc/avr/4.8.1/avr5\libgcc.a(_tablejump.o)
 .text.libgcc.fmul
                0x00000000        0x0 c:/program files (x86)/atmel/atmel toolchain/avr8 gcc/native/3.4.1061/avr8-gnu-toolchain/bin/../lib/gcc/avr/4.8.1/avr5\libgcc.a(_tablejump.o)
 .text.libgcc.fixed
                0x00000000        0x0 c:/program files (x86)/atmel/atmel toolchain/avr8 gcc/native/3.4.1061/avr8-gnu-toolchain/bin/../lib/gcc/avr/4.8.1/avr5\libgcc.a(_tablejump.o)
 .text          0x00000000        0x0 c:/program files (x86)/atmel/atmel toolchain/avr8 gcc/native/3.4.1061/avr8-gnu-toolchain/bin/../lib/gcc/avr/4.8.1/avr5\libgcc.a(_copy_data.o)
 .data          0x00000000        0x0 c:/program files (x86)/atmel/atmel toolchain/avr8 gcc/native/3.4.1061/avr8-gnu-toolchain/bin/../lib/gcc/avr/4.8.1/avr5\libgcc.a(_copy_data.o)
 .bss           0x00000000        0x0 c:/program files (x86)/atmel/atmel toolchain/avr8 gcc/native/3.4.1061/avr8-gnu-toolchain/bin/../lib/gcc/avr/4.8.1/avr5\libgcc.a(_copy_data.o)
 .text.libgcc.mul
                0x00000000        0x0 c:/program files (x86)/atmel/atmel toolchain/avr8 gcc/native/3.4.1061/avr8-gnu-toolchain/bin/../lib/gcc/avr/4.8.1/avr5\libgcc.a(_copy_data.o)
 .text.libgcc.div
                0x00000000        0x0 c:/program files (x86)/atmel/atmel toolchain/avr8 gcc/native/3.4.1061/avr8-gnu-toolchain/bin/../lib/gcc/avr/4.8.1/avr5\libgcc.a(_copy_data.o)
 .text.libgcc   0x00000000        0x0 c:/program files (x86)/atmel/atmel toolchain/avr8 gcc/native/3.4.1061/avr8-gnu-toolchain/bin/../lib/gcc/avr/4.8.1/avr5\libgcc.a(_copy_data.o)
 .text.libgcc.prologue
                0x00000000        0x0 c:/program files (x86)/atmel/atmel toolchain/avr8 gcc/native/3.4.1061/avr8-gnu-toolchain/bin/../lib/gcc/avr/4.8.1/avr5\libgcc.a(_copy_data.o)
 .text.libgcc.builtins
                0x00000000        0x0 c:/program files (x86)/atmel/atmel toolchain/avr8 gcc/native/3.4.1061/avr8-gnu-toolchain/bin/../lib/gcc/avr/4.8.1/avr5\libgcc.a(_copy_data.o)
 .text.libgcc.fmul
                0x00000000        0x0 c:/program files (x86)/atmel/atmel toolchain/avr8 gcc/native/3.4.1061/avr8-gnu-toolchain/bin/../lib/gcc/avr/4.8.1/avr5\libgcc.a(_copy_data.o)
 .text.libgcc.fixed
                0x00000000        0x0 c:/program files (x86)/atmel/atmel toolchain/avr8 gcc/native/3.4.1061/avr8-gnu-toolchain/bin/../lib/gcc/avr/4.8.1/avr5\libgcc.a(_copy_data.o)
 .text          0x00000000        0x0 c:/program files (x86)/atmel/atmel toolchain/avr8 gcc/native/3.4.1061/avr8-gnu-toolchain/bin/../lib/gcc/avr/4.8.1/avr5\libgcc.a(_clear_bss.o)
 .data          0x00000000        0x0 c:/program files (x86)/atmel/atmel toolchain/avr8 gcc/native/3.4.1061/avr8-gnu-toolchain/bin/../lib/gcc/avr/4.8.1/avr5\libgcc.a(_clear_bss.o)
 .bss           0x00000000        0x0 c:/program files (x86)/atmel/atmel toolchain/avr8 gcc/native/3.4.1061/avr8-gnu-toolchain/bin/../lib/gcc/avr/4.8.1/avr5\libgcc.a(_clear_bss.o)
 .text.libgcc.mul
                0x00000000        0x0 c:/program files (x86)/atmel/atmel toolchain/avr8 gcc/native/3.4.1061/avr8-gnu-toolchain/bin/../lib/gcc/avr/4.8.1/avr5\libgcc.a(_clear_bss.o)
 .text.libgcc.div
                0x00000000        0x0 c:/program files (x86)/atmel/atmel toolchain/avr8 gcc/native/3.4.1061/avr8-gnu-toolchain/bin/../lib/gcc/avr/4.8.1/avr5\libgcc.a(_clear_bss.o)
 .text.libgcc   0x00000000        0x0 c:/program files (x86)/atmel/atmel toolchain/avr8 gcc/native/3.4.1061/avr8-gnu-toolchain/bin/../lib/gcc/avr/4.8.1/avr5\libgcc.a(_clear_bss.o)
 .text.libgcc.prologue
                0x00000000        0x0 c:/program files (x86)/atmel/atmel toolchain/avr8 gcc/native/3.4.1061/avr8-gnu-toolchain/bin/../lib/gcc/avr/4.8.1/avr5\libgcc.a(_clear_bss.o)
 .text.libgcc.builtins
                0x00000000        0x0 c:/program files (x86)/atmel/atmel toolchain/avr8 gcc/native/3.4.1061/avr8-gnu-toolchain/bin/../lib/gcc/avr/4.8.1/avr5\libgcc.a(_clear_bss.o)
 .text.libgcc.fmul
                0x00000000        0x0 c:/program files (x86)/atmel/atmel toolchain/avr8 gcc/native/3.4.1061/avr8-gnu-toolchain/bin/../lib/gcc/avr/4.8.1/avr5\libgcc.a(_clear_bss.o)
 .text.libgcc.fixed
                0x00000000        0x0 c:/program files (x86)/atmel/atmel toolchain/avr8 gcc/native/3.4.1061/avr8-gnu-toolchain/bin/../lib/gcc/avr/4.8.1/avr5\libgcc.a(_clear_bss.o)
 .text          0x00000000        0x0 c:/program files (x86)/atmel/atmel toolchain/avr8 gcc/native/3.4.1061/avr8-gnu-toolchain/bin/../lib/gcc/avr/4.8.1/../../../../avr/lib/avr5\libc.a(memcpy.o)
 .data          0x00000000        0x0 c:/program files (x86)/atmel/atmel toolchain/avr8 gcc/native/3.4.1061/avr8-gnu-toolchain/bin/../lib/gcc/avr/4.8.1/../../../../avr/lib/avr5\libc.a(memcpy.o)
 .bss           0x00000000        0x0 c:/program files (x86)/atmel/atmel toolchain/avr8 gcc/native/3.4.1061/avr8-gnu-toolchain/bin/../lib/gcc/avr/4.8.1/../../../../avr/lib/avr5\libc.a(memcpy.o)
 .text          0x00000000        0x0 c:/program files (x86)/atmel/atmel toolchain/avr8 gcc/native/3.4.1061/avr8-gnu-toolchain/bin/../lib/gcc/avr/4.8.1/../../../../avr/lib/avr5\libc.a(memset.o)
 .data          0x00000000        0x0 c:/program files (x86)/atmel/atmel toolchain/avr8 gcc/native/3.4.1061/avr8-gnu-toolchain/bin/../lib/gcc/avr/4.8.1/../../../../avr/lib/avr5\libc.a(memset.o)
 .bss           0x00000000        0x0 c:/program files (x86)/atmel/atmel toolchain/avr8 gcc/native/3.4.1061/avr8-gnu-toolchain/bin/../lib/gcc/avr/4.8.1/../../../../avr/lib/avr5\libc.a(memset.o)
 .text          0x00000000        0x0 c:/program files (x86)/atmel/atmel toolchain/avr8 gcc/native/3.4.1061/avr8-gnu-toolchain/bin/../lib/gcc/avr/4.8.1/../../../../avr/lib/avr5\libc.a(eerd_block_atmega328p.o)
 .data          0x00000000        0x0 c:/program files (x86)/atmel/atmel toolchain/avr8 gcc/native/3.4.1061/avr8-gnu-toolchain/bin/../lib/gcc/avr/4.8.1/../../../../avr/lib/avr5\libc.a(eerd_block_atmega328p.o)
 .bss           0x00000000        0x0 c:/program files (x86)/atmel/atmel toolchain/avr8 gcc/native/3.4.1061/avr8-gnu-toolchain/bin/../lib/gcc/avr/4.8.1/../../../../avr/lib/avr5\libc.a(eerd_block_atmega328p.o)
 .text.avr-libc
                0x00000000       0x20 c:/program files (x86)/atmel/atmel toolchain/avr8 gcc/native/3.4.1061/avr8-gnu-toolchain/bin/../lib/gcc/avr/4.8.1/../../../../avr/lib/avr5\libc.a(eerd_block_atmega328p.o)
 .text          0x00000000        0x0 c:/program files (x86)/atmel/atmel toolchain/avr8 gcc/native/3.4.1061/avr8-gnu-toolchain/bin/../lib/gcc/avr/4.8.1/../../../../avr/lib/avr5\libc.a(eewr_byte_atmega328p.o)
 .data          0x00000000        0x0 c:/program files (x86)/atmel/atmel toolchain/avr8 gcc/native/3.4.1061/avr8-gnu-toolchain/bin/../lib/gcc/avr/4.8.1/../../../../avr/lib/avr5\libc.a(eewr_byte_atmega328p.o)
 .bss           0x00000000        0x0 c:/program files (x86)/atmel/atmel toolchain/avr8 gcc/native/3.4.1061/avr8-gnu-toolchain/bin/../lib/gcc/avr/4.8.1/../../../../avr/lib/avr5\libc.a(eewr_byte_atmega328p.o)
 .text.avr-libc
                0x00000000       0x1c c:/program files (x86)/atmel/atmel toolchain/avr8 gcc/native/3.4.1061/avr8-gnu-toolchain/bin/../lib/gcc/avr/4.8.1/../../../../avr/lib/avr5\libc.a(eewr_byte_atmega328p.o)

Memory Configuration

Name             Origin             Length             Attributes
text             0x00000000         0x00020000         xr
data             0x00800060         0x0000ffa0         rw !x
eeprom           0x00810000         0x00010000         rw !x
fuse             0x00820000         0x00000400         rw !x
lock             0x00830000         0x00000400         rw !x
signature        0x00840000         0x00000400         rw !x
user_signatures  0x00850000         0x00000400         rw !x
*default*        0x00000000         0xffffffff

Linker script and memory map

Address of section .data set to 0x800100
LOAD c:/program files (x86)/atmel/atmel toolchain/avr8 gcc/native/3.4.1061/avr8-gnu-toolchain/bin/../lib/gcc/avr/4.8.1/../../../../avr/lib/avr5/crtm328p.o
LOAD Drivers/flash.o
LOAD Drivers/Motor.o
LOAD Drivers/serial.o
LOAD main.o
LOAD RTOS/list.o
LOAD RTOS/mem_mang/heap_1.o
LOAD RTOS/portable/port.o
LOAD RTOS/queue.o
LOAD RTOS/tasks.o
LOAD RTOS/timers.o
LOAD Utils/ledUtil.o
LOAD Utils/uartUtil.o
START GROUP
LOAD c:/program files (x86)/atmel/atmel toolchain/avr8 gcc/native/3.4.1061/avr8-gnu-toolchain/bin/../lib/gcc/avr/4.8.1/../../../../avr/lib/avr5\libm.a
END GROUP
START GROUP
LOAD c:/program files (x86)/atmel/atmel toolchain/avr8 gcc/native/3.4.1061/avr8-gnu-toolchain/bin/../lib/gcc/avr/4.8.1/avr5\libgcc.a
LOAD c:/program files (x86)/atmel/atmel toolchain/avr8 gcc/native/3.4.1061/avr8-gnu-toolchain/bin/../lib/gcc/avr/4.8.1/../../../../avr/lib/avr5\libm.a
LOAD c:/program files (x86)/atmel/atmel toolchain/avr8 gcc/native/3.4.1061/avr8-gnu-toolchain/bin/../lib/gcc/avr/4.8.1/../../../../avr/lib/avr5\libc.a
END GROUP

.hash
 *(.hash)

.dynsym
 *(.dynsym)

.dynstr
 *(.dynstr)

.gnu.version
 *(.gnu.version)

.gnu.version_d
 *(.gnu.version_d)

.gnu.version_r
 *(.gnu.version_r)

.rel.init
 *(.rel.init)

.rela.init
 *(.rela.init)

.rel.text
 *(.rel.text)
 *(.rel.text.*)
 *(.rel.gnu.linkonce.t*)

.rela.text
 *(.rela.text)
 *(.rela.text.*)
 *(.rela.gnu.linkonce.t*)

.rel.fini
 *(.rel.fini)

.rela.fini
 *(.rela.fini)

.rel.rodata
 *(.rel.rodata)
 *(.rel.rodata.*)
 *(.rel.gnu.linkonce.r*)

.rela.rodata
 *(.rela.rodata)
 *(.rela.rodata.*)
 *(.rela.gnu.linkonce.r*)

.rel.data
 *(.rel.data)
 *(.rel.data.*)
 *(.rel.gnu.linkonce.d*)

.rela.data
 *(.rela.data)
 *(.rela.data.*)
 *(.rela.gnu.linkonce.d*)

.rel.ctors
 *(.rel.ctors)

.rela.ctors
 *(.rela.ctors)

.rel.dtors
 *(.rel.dtors)

.rela.dtors
 *(.rela.dtors)

.rel.got
 *(.rel.got)

.rela.got
 *(.rela.got)

.rel.bss
 *(.rel.bss)

.rela.bss
 *(.rela.bss)

.rel.plt
 *(.rel.plt)

.rela.plt
 *(.rela.plt)

.text           0x00000000     0x415a
 *(.vectors)
 .vectors       0x00000000       0x68 c:/program files (x86)/atmel/atmel toolchain/avr8 gcc/native/3.4.1061/avr8-gnu-toolchain/bin/../lib/gcc/avr/4.8.1/../../../../avr/lib/avr5/crtm328p.o
                0x00000000                __vector_default
                0x00000000                __vectors
 *(.vectors)
 *(.progmem.gcc*)
 .progmem.gcc_sw_table.prvProcessReceivedCommands
                0x00000068       0x14 RTOS/timers.o
                0x0000007c                . = ALIGN (0x2)
                0x0000007c                __trampolines_start = .
 *(.trampolines)
 .trampolines   0x0000007c        0x0 linker stubs
 *(.trampolines*)
                0x0000007c                __trampolines_end = .
 *(.progmem*)
                0x0000007c                . = ALIGN (0x2)
 *(.jumptables)
 *(.jumptables*)
 *(.lowtext)
 *(.lowtext*)
                0x0000007c                __ctors_start = .
 *(.ctors)
                0x0000007c                __ctors_end = .
                0x0000007c                __dtors_start = .
 *(.dtors)
                0x0000007c                __dtors_end = .
 SORT(*)(.ctors)
 SORT(*)(.dtors)
 *(.init0)
 .init0         0x0000007c        0x0 c:/program files (x86)/atmel/atmel toolchain/avr8 gcc/native/3.4.1061/avr8-gnu-toolchain/bin/../lib/gcc/avr/4.8.1/../../../../avr/lib/avr5/crtm328p.o
                0x0000007c                __init
 *(.init0)
 *(.init1)
 *(.init1)
 *(.init2)
 .init2         0x0000007c        0xc c:/program files (x86)/atmel/atmel toolchain/avr8 gcc/native/3.4.1061/avr8-gnu-toolchain/bin/../lib/gcc/avr/4.8.1/../../../../avr/lib/avr5/crtm328p.o
 *(.init2)
 *(.init3)
 *(.init3)
 *(.init4)
 .init4         0x00000088       0x16 c:/program files (x86)/atmel/atmel toolchain/avr8 gcc/native/3.4.1061/avr8-gnu-toolchain/bin/../lib/gcc/avr/4.8.1/avr5\libgcc.a(_copy_data.o)
                0x00000088                __do_copy_data
 .init4         0x0000009e       0x10 c:/program files (x86)/atmel/atmel toolchain/avr8 gcc/native/3.4.1061/avr8-gnu-toolchain/bin/../lib/gcc/avr/4.8.1/avr5\libgcc.a(_clear_bss.o)
                0x0000009e                __do_clear_bss
 *(.init4)
 *(.init5)
 *(.init5)
 *(.init6)
 *(.init6)
 *(.init7)
 *(.init7)
 *(.init8)
 *(.init8)
 *(.init9)
 .init9         0x000000ae        0x8 c:/program files (x86)/atmel/atmel toolchain/avr8 gcc/native/3.4.1061/avr8-gnu-toolchain/bin/../lib/gcc/avr/4.8.1/../../../../avr/lib/avr5/crtm328p.o
 *(.init9)
 *(.text)
 .text          0x000000b6        0x4 c:/program files (x86)/atmel/atmel toolchain/avr8 gcc/native/3.4.1061/avr8-gnu-toolchain/bin/../lib/gcc/avr/4.8.1/../../../../avr/lib/avr5/crtm328p.o
                0x000000b6                __vector_22
                0x000000b6                __vector_1
                0x000000b6                __vector_24
                0x000000b6                __vector_12
                0x000000b6                __bad_interrupt
                0x000000b6                __vector_6
                0x000000b6                __vector_23
                0x000000b6                __vector_25
                0x000000b6                __vector_13
                0x000000b6                __vector_17
                0x000000b6                __vector_7
                0x000000b6                __vector_5
                0x000000b6                __vector_4
                0x000000b6                __vector_9
                0x000000b6                __vector_2
                0x000000b6                __vector_21
                0x000000b6                __vector_15
                0x000000b6                __vector_8
                0x000000b6                __vector_14
                0x000000b6                __vector_10
                0x000000b6                __vector_16
                0x000000b6                __vector_20
                0x000000ba                . = ALIGN (0x2)
 *(.text.*)
 .text.vStartLEDFlashTasks
                0x000000ba       0x5a Drivers/flash.o
                0x000000ba                vStartLEDFlashTasks
 .text.vLEDFlashTask
                0x00000114       0x32 Drivers/flash.o
 .text.motor_setup
                0x00000146       0xe8 Drivers/Motor.o
                0x00000146                motor_setup
 .text.vStartMotorTask
                0x0000022e       0x80 Drivers/Motor.o
                0x0000022e                vStartMotorTask
 .text.vMotorDriveTask
                0x000002ae      0x112 Drivers/Motor.o
 .text.getPhaseCode
                0x000003c0       0x1c Drivers/Motor.o
                0x000003c0                getPhaseCode
 .text.vPIDControlLoop
                0x000003dc      0x2d6 Drivers/Motor.o
 .text.pid_motor_command
                0x000006b2      0x13a Drivers/Motor.o
                0x000006b2                pid_motor_command
 .text.__vector_3
                0x000007ec       0xc8 Drivers/Motor.o
                0x000007ec                __vector_3
 .text.xSerialPortInitMinimal
                0x000008b4       0xf8 Drivers/serial.o
                0x000008b4                xSerialPortInitMinimal
 .text.xSerialGetChar
                0x000009ac       0x4c Drivers/serial.o
                0x000009ac                xSerialGetChar
 .text.xSerialPutChar
                0x000009f8       0x66 Drivers/serial.o
                0x000009f8                xSerialPutChar
 .text.__vector_18
                0x00000a5e       0x8a Drivers/serial.o
                0x00000a5e                __vector_18
 .text.__vector_19
                0x00000ae8       0xa2 Drivers/serial.o
                0x00000ae8                __vector_19
 .text.main     0x00000b8a       0x46 main.o
                0x00000b8a                main
 .text.vApplicationTickHook
                0x00000bd0       0x20 main.o
                0x00000bd0                vApplicationTickHook
 .text.vListInitialise
                0x00000bf0       0x6a RTOS/list.o
                0x00000bf0                vListInitialise
 .text.vListInitialiseItem
                0x00000c5a       0x22 RTOS/list.o
                0x00000c5a                vListInitialiseItem
 .text.vListInsertEnd
                0x00000c7c       0x9c RTOS/list.o
                0x00000c7c                vListInsertEnd
 .text.vListInsert
                0x00000d18       0xf2 RTOS/list.o
                0x00000d18                vListInsert
 .text.uxListRemove
                0x00000e0a       0xae RTOS/list.o
                0x00000e0a                uxListRemove
 .text.pvPortMalloc
                0x00000eb8       0xac RTOS/mem_mang/heap_1.o
                0x00000eb8                pvPortMalloc
 .text.vPortFree
                0x00000f64       0x18 RTOS/mem_mang/heap_1.o
                0x00000f64                vPortFree
 .text.pxPortInitialiseStack
                0x00000f7c      0x352 RTOS/portable/port.o
                0x00000f7c                pxPortInitialiseStack
 .text.xPortStartScheduler
                0x000012ce       0x6a RTOS/portable/port.o
                0x000012ce                xPortStartScheduler
 .text.vPortYield
                0x00001338       0xb2 RTOS/portable/port.o
                0x00001338                vPortYield
 .text.vPortYieldFromTick
                0x000013ea       0xba RTOS/portable/port.o
                0x000013ea                vPortYieldFromTick
 .text.prvSetupTimerInterrupt
                0x000014a4       0xcc RTOS/portable/port.o
 .text.__vector_11
                0x00001570        0x6 RTOS/portable/port.o
                0x00001570                __vector_11
 .text.xQueueGenericReset
                0x00001576      0x124 RTOS/queue.o
                0x00001576                xQueueGenericReset
 .text.xQueueGenericCreate
                0x0000169a       0xc2 RTOS/queue.o
                0x0000169a                xQueueGenericCreate
 .text.xQueueGenericSend
                0x0000175c      0x164 RTOS/queue.o
                0x0000175c                xQueueGenericSend
 .text.xQueueGenericSendFromISR
                0x000018c0       0xd6 RTOS/queue.o
                0x000018c0                xQueueGenericSendFromISR
 .text.xQueueGenericReceive
                0x00001996      0x19e RTOS/queue.o
                0x00001996                xQueueGenericReceive
 .text.xQueueReceiveFromISR
                0x00001b34       0xc2 RTOS/queue.o
                0x00001b34                xQueueReceiveFromISR
 .text.prvCopyDataToQueue
                0x00001bf6      0x180 RTOS/queue.o
 .text.prvCopyDataFromQueue
                0x00001d76       0xa0 RTOS/queue.o
 .text.prvUnlockQueue
                0x00001e16       0xc8 RTOS/queue.o
 .text.prvIsQueueEmpty
                0x00001ede       0x3c RTOS/queue.o
 .text.prvIsQueueFull
                0x00001f1a       0x44 RTOS/queue.o
 .text.vQueueWaitForMessageRestricted
                0x00001f5e       0x86 RTOS/queue.o
                0x00001f5e                vQueueWaitForMessageRestricted
 .text.xTaskGenericCreate
                0x00001fe4      0x1cc RTOS/tasks.o
                0x00001fe4                xTaskGenericCreate
 .text.vTaskDelayUntil
                0x000021b0       0xf2 RTOS/tasks.o
                0x000021b0                vTaskDelayUntil
 .text.vTaskStartScheduler
                0x000022a2       0x82 RTOS/tasks.o
                0x000022a2                vTaskStartScheduler
 .text.vTaskSuspendAll
                0x00002324       0x18 RTOS/tasks.o
                0x00002324                vTaskSuspendAll
 .text.xTaskResumeAll
                0x0000233c      0x11c RTOS/tasks.o
                0x0000233c                xTaskResumeAll
 .text.xTaskGetTickCount
                0x00002458       0x2e RTOS/tasks.o
                0x00002458                xTaskGetTickCount
 .text.xTaskIncrementTick
                0x00002486      0x1ec RTOS/tasks.o
                0x00002486                xTaskIncrementTick
 .text.vTaskSwitchContext
                0x00002672       0xde RTOS/tasks.o
                0x00002672                vTaskSwitchContext
 .text.vTaskPlaceOnEventList
                0x00002750       0x8c RTOS/tasks.o
                0x00002750                vTaskPlaceOnEventList
 .text.vTaskPlaceOnEventListRestricted
                0x000027dc       0x6a RTOS/tasks.o
                0x000027dc                vTaskPlaceOnEventListRestricted
 .text.xTaskRemoveFromEventList
                0x00002846       0xda RTOS/tasks.o
                0x00002846                xTaskRemoveFromEventList
 .text.vTaskSetTimeOutState
                0x00002920       0x36 RTOS/tasks.o
                0x00002920                vTaskSetTimeOutState
 .text.xTaskCheckForTimeOut
                0x00002956       0xe6 RTOS/tasks.o
                0x00002956                xTaskCheckForTimeOut
 .text.vTaskMissedYield
                0x00002a3c       0x14 RTOS/tasks.o
                0x00002a3c                vTaskMissedYield
 .text.prvIdleTask
                0x00002a50       0x20 RTOS/tasks.o
 .text.prvInitialiseTCBVariables
                0x00002a70       0xf2 RTOS/tasks.o
 .text.prvInitialiseTaskLists
                0x00002b62       0x82 RTOS/tasks.o
 .text.prvCheckTasksWaitingTermination
                0x00002be4       0x80 RTOS/tasks.o
 .text.prvAddCurrentTaskToDelayedList
                0x00002c64       0x94 RTOS/tasks.o
 .text.prvAllocateTCBAndStack
                0x00002cf8       0x94 RTOS/tasks.o
 .text.prvTaskCheckFreeStackSpace
                0x00002d8c       0x5e RTOS/tasks.o
 .text.uxTaskGetStackHighWaterMark
                0x00002dea       0x5e RTOS/tasks.o
                0x00002dea                uxTaskGetStackHighWaterMark
 .text.prvDeleteTCB
                0x00002e48       0x2e RTOS/tasks.o
 .text.prvResetNextTaskUnblockTime
                0x00002e76       0x5c RTOS/tasks.o
 .text.xTaskGetSchedulerState
                0x00002ed2       0x32 RTOS/tasks.o
                0x00002ed2                xTaskGetSchedulerState
 .text.xTimerCreateTimerTask
                0x00002f04       0x66 RTOS/timers.o
                0x00002f04                xTimerCreateTimerTask
 .text.xTimerGenericCommand
                0x00002f6a       0xc4 RTOS/timers.o
                0x00002f6a                xTimerGenericCommand
 .text.prvProcessExpiredTimer
                0x0000302e       0xb6 RTOS/timers.o
 .text.prvTimerTask
                0x000030e4       0x30 RTOS/timers.o
 .text.prvProcessTimerOrBlockTask
                0x00003114       0x90 RTOS/timers.o
 .text.prvGetNextExpireTime
                0x000031a4       0x6a RTOS/timers.o
 .text.prvSampleTimeNow
                0x0000320e       0x60 RTOS/timers.o
 .text.prvInsertTimerInActiveList
                0x0000326e       0xda RTOS/timers.o
 .text.prvProcessReceivedCommands
                0x00003348      0x164 RTOS/timers.o
 .text.prvSwitchTimerLists
                0x000034ac      0x134 RTOS/timers.o
 .text.prvCheckForValidListAndQueue
                0x000035e0       0x5e RTOS/timers.o
 .text.vParTestInitialise
                0x0000363e       0x40 Utils/ledUtil.o
                0x0000363e                vParTestInitialise
 .text.vParTestToggleLED
                0x0000367e       0x70 Utils/ledUtil.o
                0x0000367e                vParTestToggleLED
 .text.vStartSerialTask
                0x000036ee       0x84 Utils/uartUtil.o
                0x000036ee                vStartSerialTask
 .text.vRxTask  0x00003772      0x400 Utils/uartUtil.o
 .text.fnPrintWaterMark
                0x00003b72       0xa4 Utils/uartUtil.o
                0x00003b72                fnPrintWaterMark
 .text.fnPrintMotorSettings
                0x00003c16       0xa4 Utils/uartUtil.o
                0x00003c16                fnPrintMotorSettings
 .text.avr-libc.fplib
                0x00003cba        0xa c:/program files (x86)/atmel/atmel toolchain/avr8 gcc/native/3.4.1061/avr8-gnu-toolchain/bin/../lib/gcc/avr/4.8.1/../../../../avr/lib/avr5\libm.a(addsf3.o)
                0x00003cba                __subsf3
                0x00003cbc                __addsf3
 .text.avr-libc.fplib
                0x00003cc4       0xc0 c:/program files (x86)/atmel/atmel toolchain/avr8 gcc/native/3.4.1061/avr8-gnu-toolchain/bin/../lib/gcc/avr/4.8.1/../../../../avr/lib/avr5\libm.a(addsf3x.o)
                0x00003cde                __addsf3x
 .text.avr-libc.fplib
                0x00003d84        0x8 c:/program files (x86)/atmel/atmel toolchain/avr8 gcc/native/3.4.1061/avr8-gnu-toolchain/bin/../lib/gcc/avr/4.8.1/../../../../avr/lib/avr5\libm.a(cmpsf2.o)
                0x00003d84                __nesf2
                0x00003d84                __eqsf2
                0x00003d84                __cmpsf2
                0x00003d84                __ltsf2
                0x00003d84                __lesf2
 .text.avr-libc.fplib
                0x00003d8c        0x4 c:/program files (x86)/atmel/atmel toolchain/avr8 gcc/native/3.4.1061/avr8-gnu-toolchain/bin/../lib/gcc/avr/4.8.1/../../../../avr/lib/avr5\libm.a(divsf3.o)
                0x00003d8c                __divsf3
 .text.avr-libc.fplib
                0x00003d90       0xcc c:/program files (x86)/atmel/atmel toolchain/avr8 gcc/native/3.4.1061/avr8-gnu-toolchain/bin/../lib/gcc/avr/4.8.1/../../../../avr/lib/avr5\libm.a(divsf3x.o)
                0x00003da6                __divsf3x
                0x00003daa                __divsf3_pse
 .text.avr-libc.fplib
                0x00003e5c       0x58 c:/program files (x86)/atmel/atmel toolchain/avr8 gcc/native/3.4.1061/avr8-gnu-toolchain/bin/../lib/gcc/avr/4.8.1/../../../../avr/lib/avr5\libm.a(fixunssfsi.o)
                0x00003e5c                __fixunssfsi
 .text.avr-libc.fplib
                0x00003eb4       0x7a c:/program files (x86)/atmel/atmel toolchain/avr8 gcc/native/3.4.1061/avr8-gnu-toolchain/bin/../lib/gcc/avr/4.8.1/../../../../avr/lib/avr5\libm.a(floatsisf.o)
                0x00003eb4                __floatunsisf
                0x00003eb8                __floatsisf
 .text.avr-libc.fplib
                0x00003f2e       0x48 c:/program files (x86)/atmel/atmel toolchain/avr8 gcc/native/3.4.1061/avr8-gnu-toolchain/bin/../lib/gcc/avr/4.8.1/../../../../avr/lib/avr5\libm.a(fp_cmp.o)
                0x00003f2e                __fp_cmp
 .text.avr-libc.fplib
                0x00003f76        0xc c:/program files (x86)/atmel/atmel toolchain/avr8 gcc/native/3.4.1061/avr8-gnu-toolchain/bin/../lib/gcc/avr/4.8.1/../../../../avr/lib/avr5\libm.a(fp_inf.o)
                0x00003f76                __fp_inf
 .text.avr-libc.fplib
                0x00003f82        0x6 c:/program files (x86)/atmel/atmel toolchain/avr8 gcc/native/3.4.1061/avr8-gnu-toolchain/bin/../lib/gcc/avr/4.8.1/../../../../avr/lib/avr5\libm.a(fp_nan.o)
                0x00003f82                __fp_nan
 .text.avr-libc.fplib
                0x00003f88        0xe c:/program files (x86)/atmel/atmel toolchain/avr8 gcc/native/3.4.1061/avr8-gnu-toolchain/bin/../lib/gcc/avr/4.8.1/../../../../avr/lib/avr5\libm.a(fp_pscA.o)
                0x00003f88                __fp_pscA
 .text.avr-libc.fplib
                0x00003f96        0xe c:/program files (x86)/atmel/atmel toolchain/avr8 gcc/native/3.4.1061/avr8-gnu-toolchain/bin/../lib/gcc/avr/4.8.1/../../../../avr/lib/avr5\libm.a(fp_pscB.o)
                0x00003f96                __fp_pscB
 .text.avr-libc.fplib
                0x00003fa4       0x22 c:/program files (x86)/atmel/atmel toolchain/avr8 gcc/native/3.4.1061/avr8-gnu-toolchain/bin/../lib/gcc/avr/4.8.1/../../../../avr/lib/avr5\libm.a(fp_round.o)
                0x00003fa4                __fp_round
 .text.avr-libc.fplib
                0x00003fc6       0x44 c:/program files (x86)/atmel/atmel toolchain/avr8 gcc/native/3.4.1061/avr8-gnu-toolchain/bin/../lib/gcc/avr/4.8.1/../../../../avr/lib/avr5\libm.a(fp_split3.o)
                0x00003fc6                __fp_split3
                0x00003fd6                __fp_splitA
 .text.avr-libc.fplib
                0x0000400a        0xe c:/program files (x86)/atmel/atmel toolchain/avr8 gcc/native/3.4.1061/avr8-gnu-toolchain/bin/../lib/gcc/avr/4.8.1/../../../../avr/lib/avr5\libm.a(fp_zero.o)
                0x0000400a                __fp_zero
                0x0000400c                __fp_szero
 .text.avr-libc.fplib
                0x00004018        0x8 c:/program files (x86)/atmel/atmel toolchain/avr8 gcc/native/3.4.1061/avr8-gnu-toolchain/bin/../lib/gcc/avr/4.8.1/../../../../avr/lib/avr5\libm.a(gesf2.o)
                0x00004018                __gesf2
                0x00004018                __gtsf2
 .text.avr-libc.fplib
                0x00004020        0x4 c:/program files (x86)/atmel/atmel toolchain/avr8 gcc/native/3.4.1061/avr8-gnu-toolchain/bin/../lib/gcc/avr/4.8.1/../../../../avr/lib/avr5\libm.a(mulsf3.o)
                0x00004020                __mulsf3
 .text.avr-libc.fplib
                0x00004024       0xc2 c:/program files (x86)/atmel/atmel toolchain/avr8 gcc/native/3.4.1061/avr8-gnu-toolchain/bin/../lib/gcc/avr/4.8.1/../../../../avr/lib/avr5\libm.a(mulsf3x.o)
                0x00004038                __mulsf3x
                0x0000403c                __mulsf3_pse
 .text.libgcc.div
                0x000040e6       0x44 c:/program files (x86)/atmel/atmel toolchain/avr8 gcc/native/3.4.1061/avr8-gnu-toolchain/bin/../lib/gcc/avr/4.8.1/avr5\libgcc.a(_udivmodsi4.o)
                0x000040e6                __udivmodsi4
 .text.libgcc   0x0000412a        0xc c:/program files (x86)/atmel/atmel toolchain/avr8 gcc/native/3.4.1061/avr8-gnu-toolchain/bin/../lib/gcc/avr/4.8.1/avr5\libgcc.a(_tablejump.o)
                0x0000412a                __tablejump2__
                0x0000412e                __tablejump__
 .text.avr-libc
                0x00004136       0x12 c:/program files (x86)/atmel/atmel toolchain/avr8 gcc/native/3.4.1061/avr8-gnu-toolchain/bin/../lib/gcc/avr/4.8.1/../../../../avr/lib/avr5\libc.a(memcpy.o)
                0x00004136                memcpy
 .text.avr-libc
                0x00004148        0xe c:/program files (x86)/atmel/atmel toolchain/avr8 gcc/native/3.4.1061/avr8-gnu-toolchain/bin/../lib/gcc/avr/4.8.1/../../../../avr/lib/avr5\libc.a(memset.o)
                0x00004148                memset
                0x00004156                . = ALIGN (0x2)
 *(.fini9)
 .fini9         0x00004156        0x0 c:/program files (x86)/atmel/atmel toolchain/avr8 gcc/native/3.4.1061/avr8-gnu-toolchain/bin/../lib/gcc/avr/4.8.1/avr5\libgcc.a(_exit.o)
                0x00004156                _exit
                0x00004156                exit
 *(.fini9)
 *(.fini8)
 *(.fini8)
 *(.fini7)
 *(.fini7)
 *(.fini6)
 *(.fini6)
 *(.fini5)
 *(.fini5)
 *(.fini4)
 *(.fini4)
 *(.fini3)
 *(.fini3)
 *(.fini2)
 *(.fini2)
 *(.fini1)
 *(.fini1)
 *(.fini0)
 .fini0         0x00004156        0x4 c:/program files (x86)/atmel/atmel toolchain/avr8 gcc/native/3.4.1061/avr8-gnu-toolchain/bin/../lib/gcc/avr/4.8.1/avr5\libgcc.a(_exit.o)
 *(.fini0)
                0x0000415a                _etext = .

.data           0x00800100       0x3c load address 0x0000415a
                0x00800100                PROVIDE (__data_start, .)
 *(.data)
 *(.data*)
 .data.Kp       0x00800100        0x4 Drivers/Motor.o
                0x00800100                Kp
 .data.Ki       0x00800104        0x4 Drivers/Motor.o
                0x00800104                Ki
 .data.Kd       0x00800108        0x4 Drivers/Motor.o
                0x00800108                Kd
 .data.intPhase
                0x0080010c        0x1 Drivers/Motor.o
                0x0080010c                intPhase
 .data.motPower
                0x0080010d        0x1 Drivers/Motor.o
                0x0080010d                motPower
 .data.motRampUp
                0x0080010e        0x1 Drivers/Motor.o
                0x0080010e                motRampUp
 .data.motRampDown
                0x0080010f        0x1 Drivers/Motor.o
                0x0080010f                motRampDown
 .data.motDirDur
                0x00800110        0x1 Drivers/Motor.o
                0x00800110                motDirDur
 .data.motDur   0x00800111        0x1 Drivers/Motor.o
                0x00800111                motDur
 .data.xNextTaskUnblockTime
                0x00800112        0x2 RTOS/tasks.o
 .data.txMode   0x00800114        0x1 Utils/uartUtil.o
                0x00800114                txMode
 *(.rodata)
 .rodata        0x00800115        0x2 Drivers/flash.o
 .rodata        0x00800117        0x6 Drivers/Motor.o
 .rodata        0x0080011d        0x5 RTOS/tasks.o
 .rodata        0x00800122        0x8 RTOS/timers.o
 .rodata        0x0080012a        0x2 Utils/uartUtil.o
 *(.rodata*)
 .rodata.mtrCW_Rotate
                0x0080012c        0x8 Drivers/Motor.o
                0x0080012c                mtrCW_Rotate
 .rodata.mtrCCW_Rotate
                0x00800134        0x8 Drivers/Motor.o
                0x00800134                mtrCCW_Rotate
 *(.gnu.linkonce.d*)
                0x0080013c                . = ALIGN (0x2)
                0x0080013c                _edata = .
                0x0080013c                PROVIDE (__data_end, .)

.bss            0x0080013c      0x652
                0x0080013c                PROVIDE (__bss_start, .)
 *(.bss)
 *(.bss*)
 .bss.measured_value
                0x0080013c        0x2 Drivers/Motor.o
                0x0080013c                measured_value
 .bss.setpoint  0x0080013e        0x2 Drivers/Motor.o
                0x0080013e                setpoint
 .bss.flagLoop  0x00800140        0x1 Drivers/Motor.o
                0x00800140                flagLoop
 .bss.goal      0x00800141        0x2 Drivers/Motor.o
                0x00800141                goal
 .bss.previous_error
                0x00800143        0x2 Drivers/Motor.o
                0x00800143                previous_error
 .bss.integral  0x00800145        0x4 Drivers/Motor.o
                0x00800145                integral
 .bss.motDir    0x00800149        0x1 Drivers/Motor.o
                0x00800149                motDir
 .bss.ucHeap    0x0080014a      0x578 RTOS/mem_mang/heap_1.o
 .bss.xNextFreeByte
                0x008006c2        0x2 RTOS/mem_mang/heap_1.o
 .bss.pucAlignedHeap.1837
                0x008006c4        0x2 RTOS/mem_mang/heap_1.o
 .bss.pxCurrentTCB
                0x008006c6        0x2 RTOS/tasks.o
                0x008006c6                pxCurrentTCB
 .bss.pxReadyTasksLists
                0x008006c8       0x24 RTOS/tasks.o
 .bss.xDelayedTaskList1
                0x008006ec        0x9 RTOS/tasks.o
 .bss.xDelayedTaskList2
                0x008006f5        0x9 RTOS/tasks.o
 .bss.pxDelayedTaskList
                0x008006fe        0x2 RTOS/tasks.o
 .bss.pxOverflowDelayedTaskList
                0x00800700        0x2 RTOS/tasks.o
 .bss.xPendingReadyList
                0x00800702        0x9 RTOS/tasks.o
 .bss.xTasksWaitingTermination
                0x0080070b        0x9 RTOS/tasks.o
 .bss.uxTasksDeleted
                0x00800714        0x1 RTOS/tasks.o
 .bss.xSuspendedTaskList
                0x00800715        0x9 RTOS/tasks.o
 .bss.uxCurrentNumberOfTasks
                0x0080071e        0x1 RTOS/tasks.o
 .bss.xTickCount
                0x0080071f        0x2 RTOS/tasks.o
 .bss.uxTopReadyPriority
                0x00800721        0x1 RTOS/tasks.o
 .bss.xSchedulerRunning
                0x00800722        0x1 RTOS/tasks.o
 .bss.uxPendedTicks
                0x00800723        0x1 RTOS/tasks.o
 .bss.xYieldPending
                0x00800724        0x1 RTOS/tasks.o
 .bss.xNumOfOverflows
                0x00800725        0x1 RTOS/tasks.o
 .bss.uxTaskNumber
                0x00800726        0x1 RTOS/tasks.o
 .bss.uxSchedulerSuspended
                0x00800727        0x1 RTOS/tasks.o
 .bss.xActiveTimerList1
                0x00800728        0x9 RTOS/timers.o
 .bss.xActiveTimerList2
                0x00800731        0x9 RTOS/timers.o
 .bss.pxCurrentTimerList
                0x0080073a        0x2 RTOS/timers.o
 .bss.pxOverflowTimerList
                0x0080073c        0x2 RTOS/timers.o
 .bss.xTimerQueue
                0x0080073e        0x2 RTOS/timers.o
 .bss.xLastTime.2077
                0x00800740        0x2 RTOS/timers.o
 .bss.ucCurrentOutputValue
                0x00800742        0x1 Utils/ledUtil.o
 .bss.xPort     0x00800743        0x2 Utils/uartUtil.o
 *(COMMON)
 COMMON         0x00800745        0x4 Drivers/flash.o
                0x00800745                ledTaskHandle
                0x00800747                ledTaskRate
 COMMON         0x00800749       0x1d Drivers/Motor.o
                0x00800749                derivative
                0x0080074d                output
                0x00800751                intOCR2B_Int
                0x00800755                rate_up
                0x00800759                vMotor_Handle
                0x0080075b                error
                0x0080075d                rate_down
                0x00800761                clkElapsed
                0x00800763                intOCR2B_Int_S
                0x00800764                motor_semaphore
 COMMON         0x00800766        0x4 Drivers/serial.o
                0x00800766                xCharsForTx
                0x00800768                xRxedChars
 COMMON         0x0080076a       0x24 Utils/uartUtil.o
                0x0080076a                comTaskHandle
                0x0080076c                buffer
                0x0080078e                PROVIDE (__bss_end, .)
                0x0000415a                __data_load_start = LOADADDR (.data)
                0x00004196                __data_load_end = (__data_load_start + SIZEOF (.data))

.noinit         0x0080078e        0x0
                0x0080078e                PROVIDE (__noinit_start, .)
 *(.noinit*)
                0x0080078e                PROVIDE (__noinit_end, .)
                0x0080078e                _end = .
                0x0080078e                PROVIDE (__heap_start, .)

.eeprom         0x00810000        0x0
 *(.eeprom*)
                0x00810000                __eeprom_end = .

.fuse
 *(.fuse)
 *(.lfuse)
 *(.hfuse)
 *(.efuse)

.lock
 *(.lock*)

.signature
 *(.signature*)

.user_signatures
 *(.user_signatures*)

.stab
 *(.stab)

.stabstr
 *(.stabstr)

.stab.excl
 *(.stab.excl)

.stab.exclstr
 *(.stab.exclstr)

.stab.index
 *(.stab.index)

.stab.indexstr
 *(.stab.indexstr)

.comment        0x00000000       0x30
 *(.comment)
 .comment       0x00000000       0x30 Drivers/flash.o
                                 0x31 (size before relaxing)
 .comment       0x00000000       0x31 Drivers/Motor.o
 .comment       0x00000000       0x31 Drivers/serial.o
 .comment       0x00000000       0x31 main.o
 .comment       0x00000000       0x31 RTOS/list.o
 .comment       0x00000000       0x31 RTOS/mem_mang/heap_1.o
 .comment       0x00000000       0x31 RTOS/portable/port.o
 .comment       0x00000000       0x31 RTOS/queue.o
 .comment       0x00000000       0x31 RTOS/tasks.o
 .comment       0x00000000       0x31 RTOS/timers.o
 .comment       0x00000000       0x31 Utils/ledUtil.o
 .comment       0x00000000       0x31 Utils/uartUtil.o

.note.gnu.build-id
 *(.note.gnu.build-id)

.debug
 *(.debug)

.line
 *(.line)

.debug_srcinfo
 *(.debug_srcinfo)

.debug_sfnames
 *(.debug_sfnames)

.debug_aranges
 *(.debug_aranges)

.debug_pubnames
 *(.debug_pubnames)

.debug_info
 *(.debug_info .gnu.linkonce.wi.*)

.debug_abbrev
 *(.debug_abbrev)

.debug_line
 *(.debug_line .debug_line.* .debug_line_end)

.debug_frame
 *(.debug_frame)

.debug_str
 *(.debug_str)

.debug_loc
 *(.debug_loc)

.debug_macinfo
 *(.debug_macinfo)

.debug_weaknames
 *(.debug_weaknames)

.debug_funcnames
 *(.debug_funcnames)

.debug_typenames
 *(.debug_typenames)

.debug_varnames
 *(.debug_varnames)

.debug_pubtypes
 *(.debug_pubtypes)

.debug_ranges
 *(.debug_ranges)

.debug_macro
 *(.debug_macro)
OUTPUT(Jv1b_eRTOS.elf elf32-avr)
LOAD linker stubs
