Archive member included because of file (symbol)

c:/program files (x86)/atmel/atmel toolchain/avr8 gcc/native/3.4.1061/avr8-gnu-toolchain/bin/../lib/gcc/avr/4.8.1/../../../../avr/lib/avr5\libm.a(addsf3.o)
                              Drivers/Motor.o (__subsf3)
c:/program files (x86)/atmel/atmel toolchain/avr8 gcc/native/3.4.1061/avr8-gnu-toolchain/bin/../lib/gcc/avr/4.8.1/../../../../avr/lib/avr5\libm.a(addsf3x.o)
                              c:/program files (x86)/atmel/atmel toolchain/avr8 gcc/native/3.4.1061/avr8-gnu-toolchain/bin/../lib/gcc/avr/4.8.1/../../../../avr/lib/avr5\libm.a(addsf3.o) (__addsf3x)
c:/program files (x86)/atmel/atmel toolchain/avr8 gcc/native/3.4.1061/avr8-gnu-toolchain/bin/../lib/gcc/avr/4.8.1/../../../../avr/lib/avr5\libm.a(cmpsf2.o)
                              Drivers/Motor.o (__eqsf2)
c:/program files (x86)/atmel/atmel toolchain/avr8 gcc/native/3.4.1061/avr8-gnu-toolchain/bin/../lib/gcc/avr/4.8.1/../../../../avr/lib/avr5\libm.a(divsf3.o)
                              Drivers/Motor.o (__divsf3)
c:/program files (x86)/atmel/atmel toolchain/avr8 gcc/native/3.4.1061/avr8-gnu-toolchain/bin/../lib/gcc/avr/4.8.1/../../../../avr/lib/avr5\libm.a(divsf3x.o)
                              c:/program files (x86)/atmel/atmel toolchain/avr8 gcc/native/3.4.1061/avr8-gnu-toolchain/bin/../lib/gcc/avr/4.8.1/../../../../avr/lib/avr5\libm.a(divsf3.o) (__divsf3x)
c:/program files (x86)/atmel/atmel toolchain/avr8 gcc/native/3.4.1061/avr8-gnu-toolchain/bin/../lib/gcc/avr/4.8.1/../../../../avr/lib/avr5\libm.a(fixunssfsi.o)
                              Drivers/Motor.o (__fixunssfsi)
c:/program files (x86)/atmel/atmel toolchain/avr8 gcc/native/3.4.1061/avr8-gnu-toolchain/bin/../lib/gcc/avr/4.8.1/../../../../avr/lib/avr5\libm.a(floatsisf.o)
                              Drivers/Motor.o (__floatunsisf)
c:/program files (x86)/atmel/atmel toolchain/avr8 gcc/native/3.4.1061/avr8-gnu-toolchain/bin/../lib/gcc/avr/4.8.1/../../../../avr/lib/avr5\libm.a(fp_cmp.o)
                              c:/program files (x86)/atmel/atmel toolchain/avr8 gcc/native/3.4.1061/avr8-gnu-toolchain/bin/../lib/gcc/avr/4.8.1/../../../../avr/lib/avr5\libm.a(cmpsf2.o) (__fp_cmp)
c:/program files (x86)/atmel/atmel toolchain/avr8 gcc/native/3.4.1061/avr8-gnu-toolchain/bin/../lib/gcc/avr/4.8.1/../../../../avr/lib/avr5\libm.a(fp_inf.o)
                              c:/program files (x86)/atmel/atmel toolchain/avr8 gcc/native/3.4.1061/avr8-gnu-toolchain/bin/../lib/gcc/avr/4.8.1/../../../../avr/lib/avr5\libm.a(addsf3x.o) (__fp_inf)
c:/program files (x86)/atmel/atmel toolchain/avr8 gcc/native/3.4.1061/avr8-gnu-toolchain/bin/../lib/gcc/avr/4.8.1/../../../../avr/lib/avr5\libm.a(fp_nan.o)
                              c:/program files (x86)/atmel/atmel toolchain/avr8 gcc/native/3.4.1061/avr8-gnu-toolchain/bin/../lib/gcc/avr/4.8.1/../../../../avr/lib/avr5\libm.a(addsf3x.o) (__fp_nan)
c:/program files (x86)/atmel/atmel toolchain/avr8 gcc/native/3.4.1061/avr8-gnu-toolchain/bin/../lib/gcc/avr/4.8.1/../../../../avr/lib/avr5\libm.a(fp_pscA.o)
                              c:/program files (x86)/atmel/atmel toolchain/avr8 gcc/native/3.4.1061/avr8-gnu-toolchain/bin/../lib/gcc/avr/4.8.1/../../../../avr/lib/avr5\libm.a(addsf3x.o) (__fp_pscA)
c:/program files (x86)/atmel/atmel toolchain/avr8 gcc/native/3.4.1061/avr8-gnu-toolchain/bin/../lib/gcc/avr/4.8.1/../../../../avr/lib/avr5\libm.a(fp_pscB.o)
                              c:/program files (x86)/atmel/atmel toolchain/avr8 gcc/native/3.4.1061/avr8-gnu-toolchain/bin/../lib/gcc/avr/4.8.1/../../../../avr/lib/avr5\libm.a(addsf3x.o) (__fp_pscB)
c:/program files (x86)/atmel/atmel toolchain/avr8 gcc/native/3.4.1061/avr8-gnu-toolchain/bin/../lib/gcc/avr/4.8.1/../../../../avr/lib/avr5\libm.a(fp_round.o)
                              c:/program files (x86)/atmel/atmel toolchain/avr8 gcc/native/3.4.1061/avr8-gnu-toolchain/bin/../lib/gcc/avr/4.8.1/../../../../avr/lib/avr5\libm.a(addsf3.o) (__fp_round)
c:/program files (x86)/atmel/atmel toolchain/avr8 gcc/native/3.4.1061/avr8-gnu-toolchain/bin/../lib/gcc/avr/4.8.1/../../../../avr/lib/avr5\libm.a(fp_split3.o)
                              c:/program files (x86)/atmel/atmel toolchain/avr8 gcc/native/3.4.1061/avr8-gnu-toolchain/bin/../lib/gcc/avr/4.8.1/../../../../avr/lib/avr5\libm.a(addsf3x.o) (__fp_split3)
c:/program files (x86)/atmel/atmel toolchain/avr8 gcc/native/3.4.1061/avr8-gnu-toolchain/bin/../lib/gcc/avr/4.8.1/../../../../avr/lib/avr5\libm.a(fp_zero.o)
                              c:/program files (x86)/atmel/atmel toolchain/avr8 gcc/native/3.4.1061/avr8-gnu-toolchain/bin/../lib/gcc/avr/4.8.1/../../../../avr/lib/avr5\libm.a(addsf3x.o) (__fp_zero)
c:/program files (x86)/atmel/atmel toolchain/avr8 gcc/native/3.4.1061/avr8-gnu-toolchain/bin/../lib/gcc/avr/4.8.1/../../../../avr/lib/avr5\libm.a(mulsf3.o)
                              Drivers/Motor.o (__mulsf3)
c:/program files (x86)/atmel/atmel toolchain/avr8 gcc/native/3.4.1061/avr8-gnu-toolchain/bin/../lib/gcc/avr/4.8.1/../../../../avr/lib/avr5\libm.a(mulsf3x.o)
                              c:/program files (x86)/atmel/atmel toolchain/avr8 gcc/native/3.4.1061/avr8-gnu-toolchain/bin/../lib/gcc/avr/4.8.1/../../../../avr/lib/avr5\libm.a(mulsf3.o) (__mulsf3x)
c:/program files (x86)/atmel/atmel toolchain/avr8 gcc/native/3.4.1061/avr8-gnu-toolchain/bin/../lib/gcc/avr/4.8.1/avr5\libgcc.a(_udivmodsi4.o)
                              Drivers/serial.o (__udivmodsi4)
c:/program files (x86)/atmel/atmel toolchain/avr8 gcc/native/3.4.1061/avr8-gnu-toolchain/bin/../lib/gcc/avr/4.8.1/avr5\libgcc.a(_exit.o)
                              c:/program files (x86)/atmel/atmel toolchain/avr8 gcc/native/3.4.1061/avr8-gnu-toolchain/bin/../lib/gcc/avr/4.8.1/../../../../avr/lib/avr5/crtm328p.o (exit)
c:/program files (x86)/atmel/atmel toolchain/avr8 gcc/native/3.4.1061/avr8-gnu-toolchain/bin/../lib/gcc/avr/4.8.1/avr5\libgcc.a(_tablejump.o)
                              RTOS/timers.o (__tablejump2__)
c:/program files (x86)/atmel/atmel toolchain/avr8 gcc/native/3.4.1061/avr8-gnu-toolchain/bin/../lib/gcc/avr/4.8.1/avr5\libgcc.a(_copy_data.o)
                              Drivers/flash.o (__do_copy_data)
c:/program files (x86)/atmel/atmel toolchain/avr8 gcc/native/3.4.1061/avr8-gnu-toolchain/bin/../lib/gcc/avr/4.8.1/avr5\libgcc.a(_clear_bss.o)
                              Drivers/flash.o (__do_clear_bss)
c:/program files (x86)/atmel/atmel toolchain/avr8 gcc/native/3.4.1061/avr8-gnu-toolchain/bin/../lib/gcc/avr/4.8.1/../../../../avr/lib/avr5\libc.a(memcpy.o)
                              RTOS/queue.o (memcpy)
c:/program files (x86)/atmel/atmel toolchain/avr8 gcc/native/3.4.1061/avr8-gnu-toolchain/bin/../lib/gcc/avr/4.8.1/../../../../avr/lib/avr5\libc.a(memset.o)
                              RTOS/tasks.o (memset)
c:/program files (x86)/atmel/atmel toolchain/avr8 gcc/native/3.4.1061/avr8-gnu-toolchain/bin/../lib/gcc/avr/4.8.1/../../../../avr/lib/avr5\libc.a(eerd_block_atmega328p.o)
                              main.o (__eerd_block_m328p)
c:/program files (x86)/atmel/atmel toolchain/avr8 gcc/native/3.4.1061/avr8-gnu-toolchain/bin/../lib/gcc/avr/4.8.1/../../../../avr/lib/avr5\libc.a(eewr_byte_atmega328p.o)
                              main.o (__eewr_byte_m328p)

Allocating common symbols
Common symbol       size              file

xCharsForTx         0x2               Drivers/serial.o
xRxedChars          0x2               Drivers/serial.o
comTaskHandle       0x2               Utils/uartUtil.o
ledTaskHandle       0x2               Drivers/flash.o
intOCR2B_Int        0x4               Drivers/Motor.o
ledTaskRate         0x2               Drivers/flash.o
buffer              0x22              Utils/uartUtil.o
rate_up             0x4               Drivers/Motor.o
vMotor_Handle       0x2               Drivers/Motor.o
durationHandle      0x2               Drivers/Motor.o
vMotorRamp_Handle   0x2               Drivers/Motor.o
rate_down           0x4               Drivers/Motor.o
clkElapsed          0x2               Drivers/Motor.o
intOCR2B_Int_S      0x1               Drivers/Motor.o
motor_semaphore     0x2               Drivers/Motor.o

Discarded input sections

 .data          0x00000000        0x0 c:/program files (x86)/atmel/atmel toolchain/avr8 gcc/native/3.4.1061/avr8-gnu-toolchain/bin/../lib/gcc/avr/4.8.1/../../../../avr/lib/avr5/crtm328p.o
 .bss           0x00000000        0x0 c:/program files (x86)/atmel/atmel toolchain/avr8 gcc/native/3.4.1061/avr8-gnu-toolchain/bin/../lib/gcc/avr/4.8.1/../../../../avr/lib/avr5/crtm328p.o
 .text          0x00000000        0x0 Drivers/flash.o
 .data          0x00000000        0x0 Drivers/flash.o
 .bss           0x00000000        0x0 Drivers/flash.o
 .text          0x00000000        0x0 Drivers/Motor.o
 .data          0x00000000        0x0 Drivers/Motor.o
 .bss           0x00000000        0x0 Drivers/Motor.o
 .text          0x00000000        0x0 Drivers/serial.o
 .data          0x00000000        0x0 Drivers/serial.o
 .bss           0x00000000        0x0 Drivers/serial.o
 .text.vSerialClose
                0x00000000       0x5c Drivers/serial.o
 .text          0x00000000        0x0 main.o
 .data          0x00000000        0x0 main.o
 .bss           0x00000000        0x0 main.o
 .text.prvIncrementResetCount
                0x00000000       0x34 main.o
 .text          0x00000000        0x0 RTOS/list.o
 .data          0x00000000        0x0 RTOS/list.o
 .bss           0x00000000        0x0 RTOS/list.o
 .text          0x00000000        0x0 RTOS/mem_mang/heap_1.o
 .data          0x00000000        0x0 RTOS/mem_mang/heap_1.o
 .bss           0x00000000        0x0 RTOS/mem_mang/heap_1.o
 .text.vPortInitialiseBlocks
                0x00000000       0x16 RTOS/mem_mang/heap_1.o
 .text.xPortGetFreeHeapSize
                0x00000000       0x22 RTOS/mem_mang/heap_1.o
 .text          0x00000000        0x0 RTOS/portable/port.o
 .data          0x00000000        0x0 RTOS/portable/port.o
 .bss           0x00000000        0x0 RTOS/portable/port.o
 .text.vPortEndScheduler
                0x00000000        0xe RTOS/portable/port.o
 .text          0x00000000        0x0 RTOS/queue.o
 .data          0x00000000        0x0 RTOS/queue.o
 .bss           0x00000000        0x0 RTOS/queue.o
 .text.xQueuePeekFromISR
                0x00000000       0x78 RTOS/queue.o
 .text.uxQueueMessagesWaiting
                0x00000000       0x32 RTOS/queue.o
 .text.uxQueueSpacesAvailable
                0x00000000       0x4e RTOS/queue.o
 .text.uxQueueMessagesWaitingFromISR
                0x00000000       0x28 RTOS/queue.o
 .text.vQueueDelete
                0x00000000       0x4a RTOS/queue.o
 .text.xQueueIsQueueEmptyFromISR
                0x00000000       0x32 RTOS/queue.o
 .text.xQueueIsQueueFullFromISR
                0x00000000       0x3a RTOS/queue.o
 .text          0x00000000        0x0 RTOS/tasks.o
 .data          0x00000000        0x0 RTOS/tasks.o
 .bss           0x00000000        0x0 RTOS/tasks.o
 .text.vTaskDelete
                0x00000000       0xb6 RTOS/tasks.o
 .text.vTaskDelay
                0x00000000       0x6a RTOS/tasks.o
 .text.xTaskResumeFromISR
                0x00000000       0xce RTOS/tasks.o
 .text.vTaskEndScheduler
                0x00000000       0x18 RTOS/tasks.o
 .text.xTaskGetTickCountFromISR
                0x00000000       0x2a RTOS/tasks.o
 .text.uxTaskGetNumberOfTasks
                0x00000000       0x12 RTOS/tasks.o
 .text.vTaskPlaceOnUnorderedEventList
                0x00000000       0xaa RTOS/tasks.o
 .text.xTaskRemoveFromUnorderedEventList
                0x00000000       0xd6 RTOS/tasks.o
 .text.uxTaskResetEventItemValue
                0x00000000       0x54 RTOS/tasks.o
 .text          0x00000000        0x0 RTOS/timers.o
 .data          0x00000000        0x0 RTOS/timers.o
 .bss           0x00000000        0x0 RTOS/timers.o
 .text.pcTimerGetTimerName
                0x00000000       0x30 RTOS/timers.o
 .text.pvTimerGetTimerID
                0x00000000       0x30 RTOS/timers.o
 .text          0x00000000        0x0 Utils/ledUtil.o
 .data          0x00000000        0x0 Utils/ledUtil.o
 .bss           0x00000000        0x0 Utils/ledUtil.o
 .text.vParTestSetLED
                0x00000000       0x78 Utils/ledUtil.o
 .text          0x00000000        0x0 Utils/uartUtil.o
 .data          0x00000000        0x0 Utils/uartUtil.o
 .bss           0x00000000        0x0 Utils/uartUtil.o
 .progmem.data.txClearReset
                0x00000000        0x8 Utils/uartUtil.o
 .progmem.data.txStartMessA
                0x00000000       0x24 Utils/uartUtil.o
 .progmem.data.txStartMessB
                0x00000000       0x24 Utils/uartUtil.o
 .progmem.data.txStartMessC
                0x00000000       0x24 Utils/uartUtil.o
 .progmem.data.txStartMessD
                0x00000000       0x24 Utils/uartUtil.o
 .progmem.data.txStartMessE
                0x00000000       0x24 Utils/uartUtil.o
 .progmem.data.txStartMessF
                0x00000000       0x1e Utils/uartUtil.o
 .progmem.data.txStartMessG
                0x00000000       0x1f Utils/uartUtil.o
 .progmem.data.txStartMessH
                0x00000000       0x23 Utils/uartUtil.o
 .progmem.data.txStartMessI
                0x00000000       0x23 Utils/uartUtil.o
 .text.fnPrintString
                0x00000000       0x76 Utils/uartUtil.o
 .progmem.data.chTaskA
                0x00000000        0x9 Utils/uartUtil.o
 .progmem.data.chTaskB
                0x00000000        0xa Utils/uartUtil.o
 .progmem.data.chTaskC
                0x00000000        0xa Utils/uartUtil.o
 .progmem.data.chTaskD
                0x00000000        0xa Utils/uartUtil.o
 .progmem.data.chTaskE
                0x00000000        0xa Utils/uartUtil.o
 .progmem.data.chTaskF
                0x00000000        0xa Utils/uartUtil.o
 .rodata.chNL   0x00000000        0x2 Utils/uartUtil.o
 .text          0x00000000        0x0 c:/program files (x86)/atmel/atmel toolchain/avr8 gcc/native/3.4.1061/avr8-gnu-toolchain/bin/../lib/gcc/avr/4.8.1/../../../../avr/lib/avr5\libm.a(addsf3.o)
 .data          0x00000000        0x0 c:/program files (x86)/atmel/atmel toolchain/avr8 gcc/native/3.4.1061/avr8-gnu-toolchain/bin/../lib/gcc/avr/4.8.1/../../../../avr/lib/avr5\libm.a(addsf3.o)
 .bss           0x00000000        0x0 c:/program files (x86)/atmel/atmel toolchain/avr8 gcc/native/3.4.1061/avr8-gnu-toolchain/bin/../lib/gcc/avr/4.8.1/../../../../avr/lib/avr5\libm.a(addsf3.o)
 .text          0x00000000        0x0 c:/program files (x86)/atmel/atmel toolchain/avr8 gcc/native/3.4.1061/avr8-gnu-toolchain/bin/../lib/gcc/avr/4.8.1/../../../../avr/lib/avr5\libm.a(addsf3x.o)
 .data          0x00000000        0x0 c:/program files (x86)/atmel/atmel toolchain/avr8 gcc/native/3.4.1061/avr8-gnu-toolchain/bin/../lib/gcc/avr/4.8.1/../../../../avr/lib/avr5\libm.a(addsf3x.o)
 .bss           0x00000000        0x0 c:/program files (x86)/atmel/atmel toolchain/avr8 gcc/native/3.4.1061/avr8-gnu-toolchain/bin/../lib/gcc/avr/4.8.1/../../../../avr/lib/avr5\libm.a(addsf3x.o)
 .text          0x00000000        0x0 c:/program files (x86)/atmel/atmel toolchain/avr8 gcc/native/3.4.1061/avr8-gnu-toolchain/bin/../lib/gcc/avr/4.8.1/../../../../avr/lib/avr5\libm.a(cmpsf2.o)
 .data          0x00000000        0x0 c:/program files (x86)/atmel/atmel toolchain/avr8 gcc/native/3.4.1061/avr8-gnu-toolchain/bin/../lib/gcc/avr/4.8.1/../../../../avr/lib/avr5\libm.a(cmpsf2.o)
 .bss           0x00000000        0x0 c:/program files (x86)/atmel/atmel toolchain/avr8 gcc/native/3.4.1061/avr8-gnu-toolchain/bin/../lib/gcc/avr/4.8.1/../../../../avr/lib/avr5\libm.a(cmpsf2.o)
 .text          0x00000000        0x0 c:/program files (x86)/atmel/atmel toolchain/avr8 gcc/native/3.4.1061/avr8-gnu-toolchain/bin/../lib/gcc/avr/4.8.1/../../../../avr/lib/avr5\libm.a(divsf3.o)
 .data          0x00000000        0x0 c:/program files (x86)/atmel/atmel toolchain/avr8 gcc/native/3.4.1061/avr8-gnu-toolchain/bin/../lib/gcc/avr/4.8.1/../../../../avr/lib/avr5\libm.a(divsf3.o)
 .bss           0x00000000        0x0 c:/program files (x86)/atmel/atmel toolchain/avr8 gcc/native/3.4.1061/avr8-gnu-toolchain/bin/../lib/gcc/avr/4.8.1/../../../../avr/lib/avr5\libm.a(divsf3.o)
 .text          0x00000000        0x0 c:/program files (x86)/atmel/atmel toolchain/avr8 gcc/native/3.4.1061/avr8-gnu-toolchain/bin/../lib/gcc/avr/4.8.1/../../../../avr/lib/avr5\libm.a(divsf3x.o)
 .data          0x00000000        0x0 c:/program files (x86)/atmel/atmel toolchain/avr8 gcc/native/3.4.1061/avr8-gnu-toolchain/bin/../lib/gcc/avr/4.8.1/../../../../avr/lib/avr5\libm.a(divsf3x.o)
 .bss           0x00000000        0x0 c:/program files (x86)/atmel/atmel toolchain/avr8 gcc/native/3.4.1061/avr8-gnu-toolchain/bin/../lib/gcc/avr/4.8.1/../../../../avr/lib/avr5\libm.a(divsf3x.o)
 .text          0x00000000        0x0 c:/program files (x86)/atmel/atmel toolchain/avr8 gcc/native/3.4.1061/avr8-gnu-toolchain/bin/../lib/gcc/avr/4.8.1/../../../../avr/lib/avr5\libm.a(fixunssfsi.o)
 .data          0x00000000        0x0 c:/program files (x86)/atmel/atmel toolchain/avr8 gcc/native/3.4.1061/avr8-gnu-toolchain/bin/../lib/gcc/avr/4.8.1/../../../../avr/lib/avr5\libm.a(fixunssfsi.o)
 .bss           0x00000000        0x0 c:/program files (x86)/atmel/atmel toolchain/avr8 gcc/native/3.4.1061/avr8-gnu-toolchain/bin/../lib/gcc/avr/4.8.1/../../../../avr/lib/avr5\libm.a(fixunssfsi.o)
 .text          0x00000000        0x0 c:/program files (x86)/atmel/atmel toolchain/avr8 gcc/native/3.4.1061/avr8-gnu-toolchain/bin/../lib/gcc/avr/4.8.1/../../../../avr/lib/avr5\libm.a(floatsisf.o)
 .data          0x00000000        0x0 c:/program files (x86)/atmel/atmel toolchain/avr8 gcc/native/3.4.1061/avr8-gnu-toolchain/bin/../lib/gcc/avr/4.8.1/../../../../avr/lib/avr5\libm.a(floatsisf.o)
 .bss           0x00000000        0x0 c:/program files (x86)/atmel/atmel toolchain/avr8 gcc/native/3.4.1061/avr8-gnu-toolchain/bin/../lib/gcc/avr/4.8.1/../../../../avr/lib/avr5\libm.a(floatsisf.o)
 .text          0x00000000        0x0 c:/program files (x86)/atmel/atmel toolchain/avr8 gcc/native/3.4.1061/avr8-gnu-toolchain/bin/../lib/gcc/avr/4.8.1/../../../../avr/lib/avr5\libm.a(fp_cmp.o)
 .data          0x00000000        0x0 c:/program files (x86)/atmel/atmel toolchain/avr8 gcc/native/3.4.1061/avr8-gnu-toolchain/bin/../lib/gcc/avr/4.8.1/../../../../avr/lib/avr5\libm.a(fp_cmp.o)
 .bss           0x00000000        0x0 c:/program files (x86)/atmel/atmel toolchain/avr8 gcc/native/3.4.1061/avr8-gnu-toolchain/bin/../lib/gcc/avr/4.8.1/../../../../avr/lib/avr5\libm.a(fp_cmp.o)
 .text          0x00000000        0x0 c:/program files (x86)/atmel/atmel toolchain/avr8 gcc/native/3.4.1061/avr8-gnu-toolchain/bin/../lib/gcc/avr/4.8.1/../../../../avr/lib/avr5\libm.a(fp_inf.o)
 .data          0x00000000        0x0 c:/program files (x86)/atmel/atmel toolchain/avr8 gcc/native/3.4.1061/avr8-gnu-toolchain/bin/../lib/gcc/avr/4.8.1/../../../../avr/lib/avr5\libm.a(fp_inf.o)
 .bss           0x00000000        0x0 c:/program files (x86)/atmel/atmel toolchain/avr8 gcc/native/3.4.1061/avr8-gnu-toolchain/bin/../lib/gcc/avr/4.8.1/../../../../avr/lib/avr5\libm.a(fp_inf.o)
 .text          0x00000000        0x0 c:/program files (x86)/atmel/atmel toolchain/avr8 gcc/native/3.4.1061/avr8-gnu-toolchain/bin/../lib/gcc/avr/4.8.1/../../../../avr/lib/avr5\libm.a(fp_nan.o)
 .data          0x00000000        0x0 c:/program files (x86)/atmel/atmel toolchain/avr8 gcc/native/3.4.1061/avr8-gnu-toolchain/bin/../lib/gcc/avr/4.8.1/../../../../avr/lib/avr5\libm.a(fp_nan.o)
 .bss           0x00000000        0x0 c:/program files (x86)/atmel/atmel toolchain/avr8 gcc/native/3.4.1061/avr8-gnu-toolchain/bin/../lib/gcc/avr/4.8.1/../../../../avr/lib/avr5\libm.a(fp_nan.o)
 .text          0x00000000        0x0 c:/program files (x86)/atmel/atmel toolchain/avr8 gcc/native/3.4.1061/avr8-gnu-toolchain/bin/../lib/gcc/avr/4.8.1/../../../../avr/lib/avr5\libm.a(fp_pscA.o)
 .data          0x00000000        0x0 c:/program files (x86)/atmel/atmel toolchain/avr8 gcc/native/3.4.1061/avr8-gnu-toolchain/bin/../lib/gcc/avr/4.8.1/../../../../avr/lib/avr5\libm.a(fp_pscA.o)
 .bss           0x00000000        0x0 c:/program files (x86)/atmel/atmel toolchain/avr8 gcc/native/3.4.1061/avr8-gnu-toolchain/bin/../lib/gcc/avr/4.8.1/../../../../avr/lib/avr5\libm.a(fp_pscA.o)
 .text          0x00000000        0x0 c:/program files (x86)/atmel/atmel toolchain/avr8 gcc/native/3.4.1061/avr8-gnu-toolchain/bin/../lib/gcc/avr/4.8.1/../../../../avr/lib/avr5\libm.a(fp_pscB.o)
 .data          0x00000000        0x0 c:/program files (x86)/atmel/atmel toolchain/avr8 gcc/native/3.4.1061/avr8-gnu-toolchain/bin/../lib/gcc/avr/4.8.1/../../../../avr/lib/avr5\libm.a(fp_pscB.o)
 .bss           0x00000000        0x0 c:/program files (x86)/atmel/atmel toolchain/avr8 gcc/native/3.4.1061/avr8-gnu-toolchain/bin/../lib/gcc/avr/4.8.1/../../../../avr/lib/avr5\libm.a(fp_pscB.o)
 .text          0x00000000        0x0 c:/program files (x86)/atmel/atmel toolchain/avr8 gcc/native/3.4.1061/avr8-gnu-toolchain/bin/../lib/gcc/avr/4.8.1/../../../../avr/lib/avr5\libm.a(fp_round.o)
 .data          0x00000000        0x0 c:/program files (x86)/atmel/atmel toolchain/avr8 gcc/native/3.4.1061/avr8-gnu-toolchain/bin/../lib/gcc/avr/4.8.1/../../../../avr/lib/avr5\libm.a(fp_round.o)
 .bss           0x00000000        0x0 c:/program files (x86)/atmel/atmel toolchain/avr8 gcc/native/3.4.1061/avr8-gnu-toolchain/bin/../lib/gcc/avr/4.8.1/../../../../avr/lib/avr5\libm.a(fp_round.o)
 .text          0x00000000        0x0 c:/program files (x86)/atmel/atmel toolchain/avr8 gcc/native/3.4.1061/avr8-gnu-toolchain/bin/../lib/gcc/avr/4.8.1/../../../../avr/lib/avr5\libm.a(fp_split3.o)
 .data          0x00000000        0x0 c:/program files (x86)/atmel/atmel toolchain/avr8 gcc/native/3.4.1061/avr8-gnu-toolchain/bin/../lib/gcc/avr/4.8.1/../../../../avr/lib/avr5\libm.a(fp_split3.o)
 .bss           0x00000000        0x0 c:/program files (x86)/atmel/atmel toolchain/avr8 gcc/native/3.4.1061/avr8-gnu-toolchain/bin/../lib/gcc/avr/4.8.1/../../../../avr/lib/avr5\libm.a(fp_split3.o)
 .text          0x00000000        0x0 c:/program files (x86)/atmel/atmel toolchain/avr8 gcc/native/3.4.1061/avr8-gnu-toolchain/bin/../lib/gcc/avr/4.8.1/../../../../avr/lib/avr5\libm.a(fp_zero.o)
 .data          0x00000000        0x0 c:/program files (x86)/atmel/atmel toolchain/avr8 gcc/native/3.4.1061/avr8-gnu-toolchain/bin/../lib/gcc/avr/4.8.1/../../../../avr/lib/avr5\libm.a(fp_zero.o)
 .bss           0x00000000        0x0 c:/program files (x86)/atmel/atmel toolchain/avr8 gcc/native/3.4.1061/avr8-gnu-toolchain/bin/../lib/gcc/avr/4.8.1/../../../../avr/lib/avr5\libm.a(fp_zero.o)
 .text          0x00000000        0x0 c:/program files (x86)/atmel/atmel toolchain/avr8 gcc/native/3.4.1061/avr8-gnu-toolchain/bin/../lib/gcc/avr/4.8.1/../../../../avr/lib/avr5\libm.a(mulsf3.o)
 .data          0x00000000        0x0 c:/program files (x86)/atmel/atmel toolchain/avr8 gcc/native/3.4.1061/avr8-gnu-toolchain/bin/../lib/gcc/avr/4.8.1/../../../../avr/lib/avr5\libm.a(mulsf3.o)
 .bss           0x00000000        0x0 c:/program files (x86)/atmel/atmel toolchain/avr8 gcc/native/3.4.1061/avr8-gnu-toolchain/bin/../lib/gcc/avr/4.8.1/../../../../avr/lib/avr5\libm.a(mulsf3.o)
 .text          0x00000000        0x0 c:/program files (x86)/atmel/atmel toolchain/avr8 gcc/native/3.4.1061/avr8-gnu-toolchain/bin/../lib/gcc/avr/4.8.1/../../../../avr/lib/avr5\libm.a(mulsf3x.o)
 .data          0x00000000        0x0 c:/program files (x86)/atmel/atmel toolchain/avr8 gcc/native/3.4.1061/avr8-gnu-toolchain/bin/../lib/gcc/avr/4.8.1/../../../../avr/lib/avr5\libm.a(mulsf3x.o)
 .bss           0x00000000        0x0 c:/program files (x86)/atmel/atmel toolchain/avr8 gcc/native/3.4.1061/avr8-gnu-toolchain/bin/../lib/gcc/avr/4.8.1/../../../../avr/lib/avr5\libm.a(mulsf3x.o)
 .text          0x00000000        0x0 c:/program files (x86)/atmel/atmel toolchain/avr8 gcc/native/3.4.1061/avr8-gnu-toolchain/bin/../lib/gcc/avr/4.8.1/avr5\libgcc.a(_udivmodsi4.o)
 .data          0x00000000        0x0 c:/program files (x86)/atmel/atmel toolchain/avr8 gcc/native/3.4.1061/avr8-gnu-toolchain/bin/../lib/gcc/avr/4.8.1/avr5\libgcc.a(_udivmodsi4.o)
 .bss           0x00000000        0x0 c:/program files (x86)/atmel/atmel toolchain/avr8 gcc/native/3.4.1061/avr8-gnu-toolchain/bin/../lib/gcc/avr/4.8.1/avr5\libgcc.a(_udivmodsi4.o)
 .text.libgcc.mul
                0x00000000        0x0 c:/program files (x86)/atmel/atmel toolchain/avr8 gcc/native/3.4.1061/avr8-gnu-toolchain/bin/../lib/gcc/avr/4.8.1/avr5\libgcc.a(_udivmodsi4.o)
 .text.libgcc   0x00000000        0x0 c:/program files (x86)/atmel/atmel toolchain/avr8 gcc/native/3.4.1061/avr8-gnu-toolchain/bin/../lib/gcc/avr/4.8.1/avr5\libgcc.a(_udivmodsi4.o)
 .text.libgcc.prologue
                0x00000000        0x0 c:/program files (x86)/atmel/atmel toolchain/avr8 gcc/native/3.4.1061/avr8-gnu-toolchain/bin/../lib/gcc/avr/4.8.1/avr5\libgcc.a(_udivmodsi4.o)
 .text.libgcc.builtins
                0x00000000        0x0 c:/program files (x86)/atmel/atmel toolchain/avr8 gcc/native/3.4.1061/avr8-gnu-toolchain/bin/../lib/gcc/avr/4.8.1/avr5\libgcc.a(_udivmodsi4.o)
 .text.libgcc.fmul
                0x00000000        0x0 c:/program files (x86)/atmel/atmel toolchain/avr8 gcc/native/3.4.1061/avr8-gnu-toolchain/bin/../lib/gcc/avr/4.8.1/avr5\libgcc.a(_udivmodsi4.o)
 .text.libgcc.fixed
                0x00000000        0x0 c:/program files (x86)/atmel/atmel toolchain/avr8 gcc/native/3.4.1061/avr8-gnu-toolchain/bin/../lib/gcc/avr/4.8.1/avr5\libgcc.a(_udivmodsi4.o)
 .text          0x00000000        0x0 c:/program files (x86)/atmel/atmel toolchain/avr8 gcc/native/3.4.1061/avr8-gnu-toolchain/bin/../lib/gcc/avr/4.8.1/avr5\libgcc.a(_exit.o)
 .data          0x00000000        0x0 c:/program files (x86)/atmel/atmel toolchain/avr8 gcc/native/3.4.1061/avr8-gnu-toolchain/bin/../lib/gcc/avr/4.8.1/avr5\libgcc.a(_exit.o)
 .bss           0x00000000        0x0 c:/program files (x86)/atmel/atmel toolchain/avr8 gcc/native/3.4.1061/avr8-gnu-toolchain/bin/../lib/gcc/avr/4.8.1/avr5\libgcc.a(_exit.o)
 .text.libgcc.mul
                0x00000000        0x0 c:/program files (x86)/atmel/atmel toolchain/avr8 gcc/native/3.4.1061/avr8-gnu-toolchain/bin/../lib/gcc/avr/4.8.1/avr5\libgcc.a(_exit.o)
 .text.libgcc.div
                0x00000000        0x0 c:/program files (x86)/atmel/atmel toolchain/avr8 gcc/native/3.4.1061/avr8-gnu-toolchain/bin/../lib/gcc/avr/4.8.1/avr5\libgcc.a(_exit.o)
 .text.libgcc   0x00000000        0x0 c:/program files (x86)/atmel/atmel toolchain/avr8 gcc/native/3.4.1061/avr8-gnu-toolchain/bin/../lib/gcc/avr/4.8.1/avr5\libgcc.a(_exit.o)
 .text.libgcc.prologue
                0x00000000        0x0 c:/program files (x86)/atmel/atmel toolchain/avr8 gcc/native/3.4.1061/avr8-gnu-toolchain/bin/../lib/gcc/avr/4.8.1/avr5\libgcc.a(_exit.o)
 .text.libgcc.builtins
                0x00000000        0x0 c:/program files (x86)/atmel/atmel toolchain/avr8 gcc/native/3.4.1061/avr8-gnu-toolchain/bin/../lib/gcc/avr/4.8.1/avr5\libgcc.a(_exit.o)
 .text.libgcc.fmul
                0x00000000        0x0 c:/program files (x86)/atmel/atmel toolchain/avr8 gcc/native/3.4.1061/avr8-gnu-toolchain/bin/../lib/gcc/avr/4.8.1/avr5\libgcc.a(_exit.o)
 .text.libgcc.fixed
                0x00000000        0x0 c:/program files (x86)/atmel/atmel toolchain/avr8 gcc/native/3.4.1061/avr8-gnu-toolchain/bin/../lib/gcc/avr/4.8.1/avr5\libgcc.a(_exit.o)
 .text          0x00000000        0x0 c:/program files (x86)/atmel/atmel toolchain/avr8 gcc/native/3.4.1061/avr8-gnu-toolchain/bin/../lib/gcc/avr/4.8.1/avr5\libgcc.a(_tablejump.o)
 .data          0x00000000        0x0 c:/program files (x86)/atmel/atmel toolchain/avr8 gcc/native/3.4.1061/avr8-gnu-toolchain/bin/../lib/gcc/avr/4.8.1/avr5\libgcc.a(_tablejump.o)
 .bss           0x00000000        0x0 c:/program files (x86)/atmel/atmel toolchain/avr8 gcc/native/3.4.1061/avr8-gnu-toolchain/bin/../lib/gcc/avr/4.8.1/avr5\libgcc.a(_tablejump.o)
 .text.libgcc.mul
                0x00000000        0x0 c:/program files (x86)/atmel/atmel toolchain/avr8 gcc/native/3.4.1061/avr8-gnu-toolchain/bin/../lib/gcc/avr/4.8.1/avr5\libgcc.a(_tablejump.o)
 .text.libgcc.div
                0x00000000        0x0 c:/program files (x86)/atmel/atmel toolchain/avr8 gcc/native/3.4.1061/avr8-gnu-toolchain/bin/../lib/gcc/avr/4.8.1/avr5\libgcc.a(_tablejump.o)
 .text.libgcc.prologue
                0x00000000        0x0 c:/program files (x86)/atmel/atmel toolchain/avr8 gcc/native/3.4.1061/avr8-gnu-toolchain/bin/../lib/gcc/avr/4.8.1/avr5\libgcc.a(_tablejump.o)
 .text.libgcc.builtins
                0x00000000        0x0 c:/program files (x86)/atmel/atmel toolchain/avr8 gcc/native/3.4.1061/avr8-gnu-toolchain/bin/../lib/gcc/avr/4.8.1/avr5\libgcc.a(_tablejump.o)
 .text.libgcc.fmul
                0x00000000        0x0 c:/program files (x86)/atmel/atmel toolchain/avr8 gcc/native/3.4.1061/avr8-gnu-toolchain/bin/../lib/gcc/avr/4.8.1/avr5\libgcc.a(_tablejump.o)
 .text.libgcc.fixed
                0x00000000        0x0 c:/program files (x86)/atmel/atmel toolchain/avr8 gcc/native/3.4.1061/avr8-gnu-toolchain/bin/../lib/gcc/avr/4.8.1/avr5\libgcc.a(_tablejump.o)
 .text          0x00000000        0x0 c:/program files (x86)/atmel/atmel toolchain/avr8 gcc/native/3.4.1061/avr8-gnu-toolchain/bin/../lib/gcc/avr/4.8.1/avr5\libgcc.a(_copy_data.o)
 .data          0x00000000        0x0 c:/program files (x86)/atmel/atmel toolchain/avr8 gcc/native/3.4.1061/avr8-gnu-toolchain/bin/../lib/gcc/avr/4.8.1/avr5\libgcc.a(_copy_data.o)
 .bss           0x00000000        0x0 c:/program files (x86)/atmel/atmel toolchain/avr8 gcc/native/3.4.1061/avr8-gnu-toolchain/bin/../lib/gcc/avr/4.8.1/avr5\libgcc.a(_copy_data.o)
 .text.libgcc.mul
                0x00000000        0x0 c:/program files (x86)/atmel/atmel toolchain/avr8 gcc/native/3.4.1061/avr8-gnu-toolchain/bin/../lib/gcc/avr/4.8.1/avr5\libgcc.a(_copy_data.o)
 .text.libgcc.div
                0x00000000        0x0 c:/program files (x86)/atmel/atmel toolchain/avr8 gcc/native/3.4.1061/avr8-gnu-toolchain/bin/../lib/gcc/avr/4.8.1/avr5\libgcc.a(_copy_data.o)
 .text.libgcc   0x00000000        0x0 c:/program files (x86)/atmel/atmel toolchain/avr8 gcc/native/3.4.1061/avr8-gnu-toolchain/bin/../lib/gcc/avr/4.8.1/avr5\libgcc.a(_copy_data.o)
 .text.libgcc.prologue
                0x00000000        0x0 c:/program files (x86)/atmel/atmel toolchain/avr8 gcc/native/3.4.1061/avr8-gnu-toolchain/bin/../lib/gcc/avr/4.8.1/avr5\libgcc.a(_copy_data.o)
 .text.libgcc.builtins
                0x00000000        0x0 c:/program files (x86)/atmel/atmel toolchain/avr8 gcc/native/3.4.1061/avr8-gnu-toolchain/bin/../lib/gcc/avr/4.8.1/avr5\libgcc.a(_copy_data.o)
 .text.libgcc.fmul
                0x00000000        0x0 c:/program files (x86)/atmel/atmel toolchain/avr8 gcc/native/3.4.1061/avr8-gnu-toolchain/bin/../lib/gcc/avr/4.8.1/avr5\libgcc.a(_copy_data.o)
 .text.libgcc.fixed
                0x00000000        0x0 c:/program files (x86)/atmel/atmel toolchain/avr8 gcc/native/3.4.1061/avr8-gnu-toolchain/bin/../lib/gcc/avr/4.8.1/avr5\libgcc.a(_copy_data.o)
 .text          0x00000000        0x0 c:/program files (x86)/atmel/atmel toolchain/avr8 gcc/native/3.4.1061/avr8-gnu-toolchain/bin/../lib/gcc/avr/4.8.1/avr5\libgcc.a(_clear_bss.o)
 .data          0x00000000        0x0 c:/program files (x86)/atmel/atmel toolchain/avr8 gcc/native/3.4.1061/avr8-gnu-toolchain/bin/../lib/gcc/avr/4.8.1/avr5\libgcc.a(_clear_bss.o)
 .bss           0x00000000        0x0 c:/program files (x86)/atmel/atmel toolchain/avr8 gcc/native/3.4.1061/avr8-gnu-toolchain/bin/../lib/gcc/avr/4.8.1/avr5\libgcc.a(_clear_bss.o)
 .text.libgcc.mul
                0x00000000        0x0 c:/program files (x86)/atmel/atmel toolchain/avr8 gcc/native/3.4.1061/avr8-gnu-toolchain/bin/../lib/gcc/avr/4.8.1/avr5\libgcc.a(_clear_bss.o)
 .text.libgcc.div
                0x00000000        0x0 c:/program files (x86)/atmel/atmel toolchain/avr8 gcc/native/3.4.1061/avr8-gnu-toolchain/bin/../lib/gcc/avr/4.8.1/avr5\libgcc.a(_clear_bss.o)
 .text.libgcc   0x00000000        0x0 c:/program files (x86)/atmel/atmel toolchain/avr8 gcc/native/3.4.1061/avr8-gnu-toolchain/bin/../lib/gcc/avr/4.8.1/avr5\libgcc.a(_clear_bss.o)
 .text.libgcc.prologue
                0x00000000        0x0 c:/program files (x86)/atmel/atmel toolchain/avr8 gcc/native/3.4.1061/avr8-gnu-toolchain/bin/../lib/gcc/avr/4.8.1/avr5\libgcc.a(_clear_bss.o)
 .text.libgcc.builtins
                0x00000000        0x0 c:/program files (x86)/atmel/atmel toolchain/avr8 gcc/native/3.4.1061/avr8-gnu-toolchain/bin/../lib/gcc/avr/4.8.1/avr5\libgcc.a(_clear_bss.o)
 .text.libgcc.fmul
                0x00000000        0x0 c:/program files (x86)/atmel/atmel toolchain/avr8 gcc/native/3.4.1061/avr8-gnu-toolchain/bin/../lib/gcc/avr/4.8.1/avr5\libgcc.a(_clear_bss.o)
 .text.libgcc.fixed
                0x00000000        0x0 c:/program files (x86)/atmel/atmel toolchain/avr8 gcc/native/3.4.1061/avr8-gnu-toolchain/bin/../lib/gcc/avr/4.8.1/avr5\libgcc.a(_clear_bss.o)
 .text          0x00000000        0x0 c:/program files (x86)/atmel/atmel toolchain/avr8 gcc/native/3.4.1061/avr8-gnu-toolchain/bin/../lib/gcc/avr/4.8.1/../../../../avr/lib/avr5\libc.a(memcpy.o)
 .data          0x00000000        0x0 c:/program files (x86)/atmel/atmel toolchain/avr8 gcc/native/3.4.1061/avr8-gnu-toolchain/bin/../lib/gcc/avr/4.8.1/../../../../avr/lib/avr5\libc.a(memcpy.o)
 .bss           0x00000000        0x0 c:/program files (x86)/atmel/atmel toolchain/avr8 gcc/native/3.4.1061/avr8-gnu-toolchain/bin/../lib/gcc/avr/4.8.1/../../../../avr/lib/avr5\libc.a(memcpy.o)
 .text          0x00000000        0x0 c:/program files (x86)/atmel/atmel toolchain/avr8 gcc/native/3.4.1061/avr8-gnu-toolchain/bin/../lib/gcc/avr/4.8.1/../../../../avr/lib/avr5\libc.a(memset.o)
 .data          0x00000000        0x0 c:/program files (x86)/atmel/atmel toolchain/avr8 gcc/native/3.4.1061/avr8-gnu-toolchain/bin/../lib/gcc/avr/4.8.1/../../../../avr/lib/avr5\libc.a(memset.o)
 .bss           0x00000000        0x0 c:/program files (x86)/atmel/atmel toolchain/avr8 gcc/native/3.4.1061/avr8-gnu-toolchain/bin/../lib/gcc/avr/4.8.1/../../../../avr/lib/avr5\libc.a(memset.o)
 .text          0x00000000        0x0 c:/program files (x86)/atmel/atmel toolchain/avr8 gcc/native/3.4.1061/avr8-gnu-toolchain/bin/../lib/gcc/avr/4.8.1/../../../../avr/lib/avr5\libc.a(eerd_block_atmega328p.o)
 .data          0x00000000        0x0 c:/program files (x86)/atmel/atmel toolchain/avr8 gcc/native/3.4.1061/avr8-gnu-toolchain/bin/../lib/gcc/avr/4.8.1/../../../../avr/lib/avr5\libc.a(eerd_block_atmega328p.o)
 .bss           0x00000000        0x0 c:/program files (x86)/atmel/atmel toolchain/avr8 gcc/native/3.4.1061/avr8-gnu-toolchain/bin/../lib/gcc/avr/4.8.1/../../../../avr/lib/avr5\libc.a(eerd_block_atmega328p.o)
 .text.avr-libc
                0x00000000       0x20 c:/program files (x86)/atmel/atmel toolchain/avr8 gcc/native/3.4.1061/avr8-gnu-toolchain/bin/../lib/gcc/avr/4.8.1/../../../../avr/lib/avr5\libc.a(eerd_block_atmega328p.o)
 .text          0x00000000        0x0 c:/program files (x86)/atmel/atmel toolchain/avr8 gcc/native/3.4.1061/avr8-gnu-toolchain/bin/../lib/gcc/avr/4.8.1/../../../../avr/lib/avr5\libc.a(eewr_byte_atmega328p.o)
 .data          0x00000000        0x0 c:/program files (x86)/atmel/atmel toolchain/avr8 gcc/native/3.4.1061/avr8-gnu-toolchain/bin/../lib/gcc/avr/4.8.1/../../../../avr/lib/avr5\libc.a(eewr_byte_atmega328p.o)
 .bss           0x00000000        0x0 c:/program files (x86)/atmel/atmel toolchain/avr8 gcc/native/3.4.1061/avr8-gnu-toolchain/bin/../lib/gcc/avr/4.8.1/../../../../avr/lib/avr5\libc.a(eewr_byte_atmega328p.o)
 .text.avr-libc
                0x00000000       0x1c c:/program files (x86)/atmel/atmel toolchain/avr8 gcc/native/3.4.1061/avr8-gnu-toolchain/bin/../lib/gcc/avr/4.8.1/../../../../avr/lib/avr5\libc.a(eewr_byte_atmega328p.o)

Memory Configuration

Name             Origin             Length             Attributes
text             0x00000000         0x00020000         xr
data             0x00800060         0x0000ffa0         rw !x
eeprom           0x00810000         0x00010000         rw !x
fuse             0x00820000         0x00000400         rw !x
lock             0x00830000         0x00000400         rw !x
signature        0x00840000         0x00000400         rw !x
user_signatures  0x00850000         0x00000400         rw !x
*default*        0x00000000         0xffffffff

Linker script and memory map

Address of section .data set to 0x800100
LOAD c:/program files (x86)/atmel/atmel toolchain/avr8 gcc/native/3.4.1061/avr8-gnu-toolchain/bin/../lib/gcc/avr/4.8.1/../../../../avr/lib/avr5/crtm328p.o
LOAD Drivers/flash.o
LOAD Drivers/Motor.o
LOAD Drivers/serial.o
LOAD main.o
LOAD RTOS/list.o
LOAD RTOS/mem_mang/heap_1.o
LOAD RTOS/portable/port.o
LOAD RTOS/queue.o
LOAD RTOS/tasks.o
LOAD RTOS/timers.o
LOAD Utils/ledUtil.o
LOAD Utils/uartUtil.o
START GROUP
LOAD c:/program files (x86)/atmel/atmel toolchain/avr8 gcc/native/3.4.1061/avr8-gnu-toolchain/bin/../lib/gcc/avr/4.8.1/../../../../avr/lib/avr5\libm.a
END GROUP
START GROUP
LOAD c:/program files (x86)/atmel/atmel toolchain/avr8 gcc/native/3.4.1061/avr8-gnu-toolchain/bin/../lib/gcc/avr/4.8.1/avr5\libgcc.a
LOAD c:/program files (x86)/atmel/atmel toolchain/avr8 gcc/native/3.4.1061/avr8-gnu-toolchain/bin/../lib/gcc/avr/4.8.1/../../../../avr/lib/avr5\libm.a
LOAD c:/program files (x86)/atmel/atmel toolchain/avr8 gcc/native/3.4.1061/avr8-gnu-toolchain/bin/../lib/gcc/avr/4.8.1/../../../../avr/lib/avr5\libc.a
END GROUP

.hash
 *(.hash)

.dynsym
 *(.dynsym)

.dynstr
 *(.dynstr)

.gnu.version
 *(.gnu.version)

.gnu.version_d
 *(.gnu.version_d)

.gnu.version_r
 *(.gnu.version_r)

.rel.init
 *(.rel.init)

.rela.init
 *(.rela.init)

.rel.text
 *(.rel.text)
 *(.rel.text.*)
 *(.rel.gnu.linkonce.t*)

.rela.text
 *(.rela.text)
 *(.rela.text.*)
 *(.rela.gnu.linkonce.t*)

.rel.fini
 *(.rel.fini)

.rela.fini
 *(.rela.fini)

.rel.rodata
 *(.rel.rodata)
 *(.rel.rodata.*)
 *(.rel.gnu.linkonce.r*)

.rela.rodata
 *(.rela.rodata)
 *(.rela.rodata.*)
 *(.rela.gnu.linkonce.r*)

.rel.data
 *(.rel.data)
 *(.rel.data.*)
 *(.rel.gnu.linkonce.d*)

.rela.data
 *(.rela.data)
 *(.rela.data.*)
 *(.rela.gnu.linkonce.d*)

.rel.ctors
 *(.rel.ctors)

.rela.ctors
 *(.rela.ctors)

.rel.dtors
 *(.rel.dtors)

.rela.dtors
 *(.rela.dtors)

.rel.got
 *(.rel.got)

.rela.got
 *(.rela.got)

.rel.bss
 *(.rel.bss)

.rela.bss
 *(.rela.bss)

.rel.plt
 *(.rel.plt)

.rela.plt
 *(.rela.plt)

.text           0x00000000     0x4476
 *(.vectors)
 .vectors       0x00000000       0x68 c:/program files (x86)/atmel/atmel toolchain/avr8 gcc/native/3.4.1061/avr8-gnu-toolchain/bin/../lib/gcc/avr/4.8.1/../../../../avr/lib/avr5/crtm328p.o
                0x00000000                __vector_default
                0x00000000                __vectors
 *(.vectors)
 *(.progmem.gcc*)
 .progmem.gcc_sw_table.prvProcessReceivedCommands
                0x00000068       0x14 RTOS/timers.o
                0x0000007c                . = ALIGN (0x2)
                0x0000007c                __trampolines_start = .
 *(.trampolines)
 .trampolines   0x0000007c        0x0 linker stubs
 *(.trampolines*)
                0x0000007c                __trampolines_end = .
 *(.progmem*)
                0x0000007c                . = ALIGN (0x2)
 *(.jumptables)
 *(.jumptables*)
 *(.lowtext)
 *(.lowtext*)
                0x0000007c                __ctors_start = .
 *(.ctors)
                0x0000007c                __ctors_end = .
                0x0000007c                __dtors_start = .
 *(.dtors)
                0x0000007c                __dtors_end = .
 SORT(*)(.ctors)
 SORT(*)(.dtors)
 *(.init0)
 .init0         0x0000007c        0x0 c:/program files (x86)/atmel/atmel toolchain/avr8 gcc/native/3.4.1061/avr8-gnu-toolchain/bin/../lib/gcc/avr/4.8.1/../../../../avr/lib/avr5/crtm328p.o
                0x0000007c                __init
 *(.init0)
 *(.init1)
 *(.init1)
 *(.init2)
 .init2         0x0000007c        0xc c:/program files (x86)/atmel/atmel toolchain/avr8 gcc/native/3.4.1061/avr8-gnu-toolchain/bin/../lib/gcc/avr/4.8.1/../../../../avr/lib/avr5/crtm328p.o
 *(.init2)
 *(.init3)
 *(.init3)
 *(.init4)
 .init4         0x00000088       0x16 c:/program files (x86)/atmel/atmel toolchain/avr8 gcc/native/3.4.1061/avr8-gnu-toolchain/bin/../lib/gcc/avr/4.8.1/avr5\libgcc.a(_copy_data.o)
                0x00000088                __do_copy_data
 .init4         0x0000009e       0x10 c:/program files (x86)/atmel/atmel toolchain/avr8 gcc/native/3.4.1061/avr8-gnu-toolchain/bin/../lib/gcc/avr/4.8.1/avr5\libgcc.a(_clear_bss.o)
                0x0000009e                __do_clear_bss
 *(.init4)
 *(.init5)
 *(.init5)
 *(.init6)
 *(.init6)
 *(.init7)
 *(.init7)
 *(.init8)
 *(.init8)
 *(.init9)
 .init9         0x000000ae        0x8 c:/program files (x86)/atmel/atmel toolchain/avr8 gcc/native/3.4.1061/avr8-gnu-toolchain/bin/../lib/gcc/avr/4.8.1/../../../../avr/lib/avr5/crtm328p.o
 *(.init9)
 *(.text)
 .text          0x000000b6        0x4 c:/program files (x86)/atmel/atmel toolchain/avr8 gcc/native/3.4.1061/avr8-gnu-toolchain/bin/../lib/gcc/avr/4.8.1/../../../../avr/lib/avr5/crtm328p.o
                0x000000b6                __vector_22
                0x000000b6                __vector_1
                0x000000b6                __vector_24
                0x000000b6                __vector_12
                0x000000b6                __bad_interrupt
                0x000000b6                __vector_6
                0x000000b6                __vector_23
                0x000000b6                __vector_25
                0x000000b6                __vector_13
                0x000000b6                __vector_17
                0x000000b6                __vector_7
                0x000000b6                __vector_5
                0x000000b6                __vector_4
                0x000000b6                __vector_9
                0x000000b6                __vector_2
                0x000000b6                __vector_21
                0x000000b6                __vector_15
                0x000000b6                __vector_8
                0x000000b6                __vector_14
                0x000000b6                __vector_10
                0x000000b6                __vector_16
                0x000000b6                __vector_20
                0x000000ba                . = ALIGN (0x2)
 *(.text.*)
 .text.vStartLEDFlashTasks
                0x000000ba       0x5a Drivers/flash.o
                0x000000ba                vStartLEDFlashTasks
 .text.vLEDFlashTask
                0x00000114       0x32 Drivers/flash.o
 .text.motor_setup
                0x00000146      0x10e Drivers/Motor.o
                0x00000146                motor_setup
 .text.vStartMotorTask
                0x00000254       0x88 Drivers/Motor.o
                0x00000254                vStartMotorTask
 .text.vMotorDriveTask
                0x000002dc      0x142 Drivers/Motor.o
 .text.vMotorRampTask
                0x0000041e      0x338 Drivers/Motor.o
 .text.getPhaseCode
                0x00000756       0x1c Drivers/Motor.o
                0x00000756                getPhaseCode
 .text.vTimerCallback
                0x00000772      0x128 Drivers/Motor.o
                0x00000772                vTimerCallback
 .text.__vector_3
                0x0000089a       0x92 Drivers/Motor.o
                0x0000089a                __vector_3
 .text.xSerialPortInitMinimal
                0x0000092c       0xf8 Drivers/serial.o
                0x0000092c                xSerialPortInitMinimal
 .text.xSerialGetChar
                0x00000a24       0x4c Drivers/serial.o
                0x00000a24                xSerialGetChar
 .text.xSerialPutChar
                0x00000a70       0x66 Drivers/serial.o
                0x00000a70                xSerialPutChar
 .text.__vector_18
                0x00000ad6       0x8a Drivers/serial.o
                0x00000ad6                __vector_18
 .text.__vector_19
                0x00000b60       0xa2 Drivers/serial.o
                0x00000b60                __vector_19
 .text.main     0x00000c02       0x46 main.o
                0x00000c02                main
 .text.vApplicationTickHook
                0x00000c48       0x20 main.o
                0x00000c48                vApplicationTickHook
 .text.vListInitialise
                0x00000c68       0x6a RTOS/list.o
                0x00000c68                vListInitialise
 .text.vListInitialiseItem
                0x00000cd2       0x22 RTOS/list.o
                0x00000cd2                vListInitialiseItem
 .text.vListInsertEnd
                0x00000cf4       0x9c RTOS/list.o
                0x00000cf4                vListInsertEnd
 .text.vListInsert
                0x00000d90       0xf2 RTOS/list.o
                0x00000d90                vListInsert
 .text.uxListRemove
                0x00000e82       0xae RTOS/list.o
                0x00000e82                uxListRemove
 .text.pvPortMalloc
                0x00000f30       0xac RTOS/mem_mang/heap_1.o
                0x00000f30                pvPortMalloc
 .text.vPortFree
                0x00000fdc       0x18 RTOS/mem_mang/heap_1.o
                0x00000fdc                vPortFree
 .text.pxPortInitialiseStack
                0x00000ff4      0x352 RTOS/portable/port.o
                0x00000ff4                pxPortInitialiseStack
 .text.xPortStartScheduler
                0x00001346       0x6a RTOS/portable/port.o
                0x00001346                xPortStartScheduler
 .text.vPortYield
                0x000013b0       0xb2 RTOS/portable/port.o
                0x000013b0                vPortYield
 .text.vPortYieldFromTick
                0x00001462       0xba RTOS/portable/port.o
                0x00001462                vPortYieldFromTick
 .text.prvSetupTimerInterrupt
                0x0000151c       0xcc RTOS/portable/port.o
 .text.__vector_11
                0x000015e8        0x6 RTOS/portable/port.o
                0x000015e8                __vector_11
 .text.xQueueGenericReset
                0x000015ee      0x124 RTOS/queue.o
                0x000015ee                xQueueGenericReset
 .text.xQueueGenericCreate
                0x00001712       0xc2 RTOS/queue.o
                0x00001712                xQueueGenericCreate
 .text.xQueueGenericSend
                0x000017d4      0x164 RTOS/queue.o
                0x000017d4                xQueueGenericSend
 .text.xQueueGenericSendFromISR
                0x00001938       0xd6 RTOS/queue.o
                0x00001938                xQueueGenericSendFromISR
 .text.xQueueGenericReceive
                0x00001a0e      0x19e RTOS/queue.o
                0x00001a0e                xQueueGenericReceive
 .text.xQueueReceiveFromISR
                0x00001bac       0xc2 RTOS/queue.o
                0x00001bac                xQueueReceiveFromISR
 .text.prvCopyDataToQueue
                0x00001c6e      0x180 RTOS/queue.o
 .text.prvCopyDataFromQueue
                0x00001dee       0xa0 RTOS/queue.o
 .text.prvUnlockQueue
                0x00001e8e       0xc8 RTOS/queue.o
 .text.prvIsQueueEmpty
                0x00001f56       0x3c RTOS/queue.o
 .text.prvIsQueueFull
                0x00001f92       0x44 RTOS/queue.o
 .text.vQueueWaitForMessageRestricted
                0x00001fd6       0x86 RTOS/queue.o
                0x00001fd6                vQueueWaitForMessageRestricted
 .text.xTaskGenericCreate
                0x0000205c      0x1cc RTOS/tasks.o
                0x0000205c                xTaskGenericCreate
 .text.vTaskDelayUntil
                0x00002228       0xf2 RTOS/tasks.o
                0x00002228                vTaskDelayUntil
 .text.vTaskSuspend
                0x0000231a       0xc6 RTOS/tasks.o
                0x0000231a                vTaskSuspend
 .text.prvTaskIsTaskSuspended
                0x000023e0       0x64 RTOS/tasks.o
 .text.vTaskResume
                0x00002444       0xce RTOS/tasks.o
                0x00002444                vTaskResume
 .text.vTaskStartScheduler
                0x00002512       0x82 RTOS/tasks.o
                0x00002512                vTaskStartScheduler
 .text.vTaskSuspendAll
                0x00002594       0x18 RTOS/tasks.o
                0x00002594                vTaskSuspendAll
 .text.xTaskResumeAll
                0x000025ac      0x11c RTOS/tasks.o
                0x000025ac                xTaskResumeAll
 .text.xTaskGetTickCount
                0x000026c8       0x2e RTOS/tasks.o
                0x000026c8                xTaskGetTickCount
 .text.xTaskIncrementTick
                0x000026f6      0x1ec RTOS/tasks.o
                0x000026f6                xTaskIncrementTick
 .text.vTaskSwitchContext
                0x000028e2       0xde RTOS/tasks.o
                0x000028e2                vTaskSwitchContext
 .text.vTaskPlaceOnEventList
                0x000029c0       0x8c RTOS/tasks.o
                0x000029c0                vTaskPlaceOnEventList
 .text.vTaskPlaceOnEventListRestricted
                0x00002a4c       0x6a RTOS/tasks.o
                0x00002a4c                vTaskPlaceOnEventListRestricted
 .text.xTaskRemoveFromEventList
                0x00002ab6       0xda RTOS/tasks.o
                0x00002ab6                xTaskRemoveFromEventList
 .text.vTaskSetTimeOutState
                0x00002b90       0x36 RTOS/tasks.o
                0x00002b90                vTaskSetTimeOutState
 .text.xTaskCheckForTimeOut
                0x00002bc6       0xe6 RTOS/tasks.o
                0x00002bc6                xTaskCheckForTimeOut
 .text.vTaskMissedYield
                0x00002cac       0x14 RTOS/tasks.o
                0x00002cac                vTaskMissedYield
 .text.prvIdleTask
                0x00002cc0       0x20 RTOS/tasks.o
 .text.prvInitialiseTCBVariables
                0x00002ce0       0xf2 RTOS/tasks.o
 .text.prvInitialiseTaskLists
                0x00002dd2       0x82 RTOS/tasks.o
 .text.prvCheckTasksWaitingTermination
                0x00002e54       0x80 RTOS/tasks.o
 .text.prvAddCurrentTaskToDelayedList
                0x00002ed4       0x94 RTOS/tasks.o
 .text.prvAllocateTCBAndStack
                0x00002f68       0x94 RTOS/tasks.o
 .text.prvTaskCheckFreeStackSpace
                0x00002ffc       0x5e RTOS/tasks.o
 .text.uxTaskGetStackHighWaterMark
                0x0000305a       0x5e RTOS/tasks.o
                0x0000305a                uxTaskGetStackHighWaterMark
 .text.prvDeleteTCB
                0x000030b8       0x2e RTOS/tasks.o
 .text.prvResetNextTaskUnblockTime
                0x000030e6       0x5c RTOS/tasks.o
 .text.xTaskGetSchedulerState
                0x00003142       0x32 RTOS/tasks.o
                0x00003142                xTaskGetSchedulerState
 .text.xTimerCreateTimerTask
                0x00003174       0x66 RTOS/timers.o
                0x00003174                xTimerCreateTimerTask
 .text.xTimerCreate
                0x000031da       0xb6 RTOS/timers.o
                0x000031da                xTimerCreate
 .text.xTimerGenericCommand
                0x00003290       0xc4 RTOS/timers.o
                0x00003290                xTimerGenericCommand
 .text.prvProcessExpiredTimer
                0x00003354       0xb6 RTOS/timers.o
 .text.prvTimerTask
                0x0000340a       0x30 RTOS/timers.o
 .text.prvProcessTimerOrBlockTask
                0x0000343a       0x90 RTOS/timers.o
 .text.prvGetNextExpireTime
                0x000034ca       0x6a RTOS/timers.o
 .text.prvSampleTimeNow
                0x00003534       0x60 RTOS/timers.o
 .text.prvInsertTimerInActiveList
                0x00003594       0xda RTOS/timers.o
 .text.prvProcessReceivedCommands
                0x0000366e      0x164 RTOS/timers.o
 .text.prvSwitchTimerLists
                0x000037d2      0x134 RTOS/timers.o
 .text.prvCheckForValidListAndQueue
                0x00003906       0x5e RTOS/timers.o
 .text.xTimerIsTimerActive
                0x00003964       0x4a RTOS/timers.o
                0x00003964                xTimerIsTimerActive
 .text.vParTestInitialise
                0x000039ae       0x40 Utils/ledUtil.o
                0x000039ae                vParTestInitialise
 .text.vParTestToggleLED
                0x000039ee       0x70 Utils/ledUtil.o
                0x000039ee                vParTestToggleLED
 .text.vStartSerialTask
                0x00003a5e       0x84 Utils/uartUtil.o
                0x00003a5e                vStartSerialTask
 .text.vRxTask  0x00003ae2      0x394 Utils/uartUtil.o
 .text.fnPrintWaterMark
                0x00003e76       0xc4 Utils/uartUtil.o
                0x00003e76                fnPrintWaterMark
 .text.fnPrintMotorSettings
                0x00003f3a       0xa4 Utils/uartUtil.o
                0x00003f3a                fnPrintMotorSettings
 .text.avr-libc.fplib
                0x00003fde        0xa c:/program files (x86)/atmel/atmel toolchain/avr8 gcc/native/3.4.1061/avr8-gnu-toolchain/bin/../lib/gcc/avr/4.8.1/../../../../avr/lib/avr5\libm.a(addsf3.o)
                0x00003fde                __subsf3
                0x00003fe0                __addsf3
 .text.avr-libc.fplib
                0x00003fe8       0xc0 c:/program files (x86)/atmel/atmel toolchain/avr8 gcc/native/3.4.1061/avr8-gnu-toolchain/bin/../lib/gcc/avr/4.8.1/../../../../avr/lib/avr5\libm.a(addsf3x.o)
                0x00004002                __addsf3x
 .text.avr-libc.fplib
                0x000040a8        0x8 c:/program files (x86)/atmel/atmel toolchain/avr8 gcc/native/3.4.1061/avr8-gnu-toolchain/bin/../lib/gcc/avr/4.8.1/../../../../avr/lib/avr5\libm.a(cmpsf2.o)
                0x000040a8                __nesf2
                0x000040a8                __eqsf2
                0x000040a8                __cmpsf2
                0x000040a8                __ltsf2
                0x000040a8                __lesf2
 .text.avr-libc.fplib
                0x000040b0        0x4 c:/program files (x86)/atmel/atmel toolchain/avr8 gcc/native/3.4.1061/avr8-gnu-toolchain/bin/../lib/gcc/avr/4.8.1/../../../../avr/lib/avr5\libm.a(divsf3.o)
                0x000040b0                __divsf3
 .text.avr-libc.fplib
                0x000040b4       0xcc c:/program files (x86)/atmel/atmel toolchain/avr8 gcc/native/3.4.1061/avr8-gnu-toolchain/bin/../lib/gcc/avr/4.8.1/../../../../avr/lib/avr5\libm.a(divsf3x.o)
                0x000040ca                __divsf3x
                0x000040ce                __divsf3_pse
 .text.avr-libc.fplib
                0x00004180       0x58 c:/program files (x86)/atmel/atmel toolchain/avr8 gcc/native/3.4.1061/avr8-gnu-toolchain/bin/../lib/gcc/avr/4.8.1/../../../../avr/lib/avr5\libm.a(fixunssfsi.o)
                0x00004180                __fixunssfsi
 .text.avr-libc.fplib
                0x000041d8       0x7a c:/program files (x86)/atmel/atmel toolchain/avr8 gcc/native/3.4.1061/avr8-gnu-toolchain/bin/../lib/gcc/avr/4.8.1/../../../../avr/lib/avr5\libm.a(floatsisf.o)
                0x000041d8                __floatunsisf
                0x000041dc                __floatsisf
 .text.avr-libc.fplib
                0x00004252       0x48 c:/program files (x86)/atmel/atmel toolchain/avr8 gcc/native/3.4.1061/avr8-gnu-toolchain/bin/../lib/gcc/avr/4.8.1/../../../../avr/lib/avr5\libm.a(fp_cmp.o)
                0x00004252                __fp_cmp
 .text.avr-libc.fplib
                0x0000429a        0xc c:/program files (x86)/atmel/atmel toolchain/avr8 gcc/native/3.4.1061/avr8-gnu-toolchain/bin/../lib/gcc/avr/4.8.1/../../../../avr/lib/avr5\libm.a(fp_inf.o)
                0x0000429a                __fp_inf
 .text.avr-libc.fplib
                0x000042a6        0x6 c:/program files (x86)/atmel/atmel toolchain/avr8 gcc/native/3.4.1061/avr8-gnu-toolchain/bin/../lib/gcc/avr/4.8.1/../../../../avr/lib/avr5\libm.a(fp_nan.o)
                0x000042a6                __fp_nan
 .text.avr-libc.fplib
                0x000042ac        0xe c:/program files (x86)/atmel/atmel toolchain/avr8 gcc/native/3.4.1061/avr8-gnu-toolchain/bin/../lib/gcc/avr/4.8.1/../../../../avr/lib/avr5\libm.a(fp_pscA.o)
                0x000042ac                __fp_pscA
 .text.avr-libc.fplib
                0x000042ba        0xe c:/program files (x86)/atmel/atmel toolchain/avr8 gcc/native/3.4.1061/avr8-gnu-toolchain/bin/../lib/gcc/avr/4.8.1/../../../../avr/lib/avr5\libm.a(fp_pscB.o)
                0x000042ba                __fp_pscB
 .text.avr-libc.fplib
                0x000042c8       0x22 c:/program files (x86)/atmel/atmel toolchain/avr8 gcc/native/3.4.1061/avr8-gnu-toolchain/bin/../lib/gcc/avr/4.8.1/../../../../avr/lib/avr5\libm.a(fp_round.o)
                0x000042c8                __fp_round
 .text.avr-libc.fplib
                0x000042ea       0x44 c:/program files (x86)/atmel/atmel toolchain/avr8 gcc/native/3.4.1061/avr8-gnu-toolchain/bin/../lib/gcc/avr/4.8.1/../../../../avr/lib/avr5\libm.a(fp_split3.o)
                0x000042ea                __fp_split3
                0x000042fa                __fp_splitA
 .text.avr-libc.fplib
                0x0000432e        0xe c:/program files (x86)/atmel/atmel toolchain/avr8 gcc/native/3.4.1061/avr8-gnu-toolchain/bin/../lib/gcc/avr/4.8.1/../../../../avr/lib/avr5\libm.a(fp_zero.o)
                0x0000432e                __fp_zero
                0x00004330                __fp_szero
 .text.avr-libc.fplib
                0x0000433c        0x4 c:/program files (x86)/atmel/atmel toolchain/avr8 gcc/native/3.4.1061/avr8-gnu-toolchain/bin/../lib/gcc/avr/4.8.1/../../../../avr/lib/avr5\libm.a(mulsf3.o)
                0x0000433c                __mulsf3
 .text.avr-libc.fplib
                0x00004340       0xc2 c:/program files (x86)/atmel/atmel toolchain/avr8 gcc/native/3.4.1061/avr8-gnu-toolchain/bin/../lib/gcc/avr/4.8.1/../../../../avr/lib/avr5\libm.a(mulsf3x.o)
                0x00004354                __mulsf3x
                0x00004358                __mulsf3_pse
 .text.libgcc.div
                0x00004402       0x44 c:/program files (x86)/atmel/atmel toolchain/avr8 gcc/native/3.4.1061/avr8-gnu-toolchain/bin/../lib/gcc/avr/4.8.1/avr5\libgcc.a(_udivmodsi4.o)
                0x00004402                __udivmodsi4
 .text.libgcc   0x00004446        0xc c:/program files (x86)/atmel/atmel toolchain/avr8 gcc/native/3.4.1061/avr8-gnu-toolchain/bin/../lib/gcc/avr/4.8.1/avr5\libgcc.a(_tablejump.o)
                0x00004446                __tablejump2__
                0x0000444a                __tablejump__
 .text.avr-libc
                0x00004452       0x12 c:/program files (x86)/atmel/atmel toolchain/avr8 gcc/native/3.4.1061/avr8-gnu-toolchain/bin/../lib/gcc/avr/4.8.1/../../../../avr/lib/avr5\libc.a(memcpy.o)
                0x00004452                memcpy
 .text.avr-libc
                0x00004464        0xe c:/program files (x86)/atmel/atmel toolchain/avr8 gcc/native/3.4.1061/avr8-gnu-toolchain/bin/../lib/gcc/avr/4.8.1/../../../../avr/lib/avr5\libc.a(memset.o)
                0x00004464                memset
                0x00004472                . = ALIGN (0x2)
 *(.fini9)
 .fini9         0x00004472        0x0 c:/program files (x86)/atmel/atmel toolchain/avr8 gcc/native/3.4.1061/avr8-gnu-toolchain/bin/../lib/gcc/avr/4.8.1/avr5\libgcc.a(_exit.o)
                0x00004472                _exit
                0x00004472                exit
 *(.fini9)
 *(.fini8)
 *(.fini8)
 *(.fini7)
 *(.fini7)
 *(.fini6)
 *(.fini6)
 *(.fini5)
 *(.fini5)
 *(.fini4)
 *(.fini4)
 *(.fini3)
 *(.fini3)
 *(.fini2)
 *(.fini2)
 *(.fini1)
 *(.fini1)
 *(.fini0)
 .fini0         0x00004472        0x4 c:/program files (x86)/atmel/atmel toolchain/avr8 gcc/native/3.4.1061/avr8-gnu-toolchain/bin/../lib/gcc/avr/4.8.1/avr5\libgcc.a(_exit.o)
 *(.fini0)
                0x00004476                _etext = .

.data           0x00800100       0x36 load address 0x00004476
                0x00800100                PROVIDE (__data_start, .)
 *(.data)
 *(.data*)
 .data.intPhase
                0x00800100        0x1 Drivers/Motor.o
                0x00800100                intPhase
 .data.motPower
                0x00800101        0x1 Drivers/Motor.o
                0x00800101                motPower
 .data.motRampUp
                0x00800102        0x1 Drivers/Motor.o
                0x00800102                motRampUp
 .data.motRampDown
                0x00800103        0x1 Drivers/Motor.o
                0x00800103                motRampDown
 .data.motDirDur
                0x00800104        0x1 Drivers/Motor.o
                0x00800104                motDirDur
 .data.motDur   0x00800105        0x1 Drivers/Motor.o
                0x00800105                motDur
 .data.xNextTaskUnblockTime
                0x00800106        0x2 RTOS/tasks.o
 .data.txMode   0x00800108        0x1 Utils/uartUtil.o
                0x00800108                txMode
 *(.rodata)
 .rodata        0x00800109        0x2 Drivers/flash.o
 .rodata        0x0080010b        0xc Drivers/Motor.o
 .rodata        0x00800117        0x5 RTOS/tasks.o
 .rodata        0x0080011c        0x8 RTOS/timers.o
 .rodata        0x00800124        0x2 Utils/uartUtil.o
 *(.rodata*)
 .rodata.mtrCW_Rotate
                0x00800126        0x8 Drivers/Motor.o
                0x00800126                mtrCW_Rotate
 .rodata.mtrCCW_Rotate
                0x0080012e        0x8 Drivers/Motor.o
                0x0080012e                mtrCCW_Rotate
 *(.gnu.linkonce.d*)
                0x00800136                . = ALIGN (0x2)
                0x00800136                _edata = .
                0x00800136                PROVIDE (__data_end, .)

.bss            0x00800136      0x640
                0x00800136                PROVIDE (__bss_start, .)
 *(.bss)
 *(.bss*)
 .bss.motDir    0x00800136        0x1 Drivers/Motor.o
                0x00800136                motDir
 .bss.runDur    0x00800137        0x1 Drivers/Motor.o
                0x00800137                runDur
 .bss.ucHeap    0x00800138      0x578 RTOS/mem_mang/heap_1.o
 .bss.xNextFreeByte
                0x008006b0        0x2 RTOS/mem_mang/heap_1.o
 .bss.pucAlignedHeap.1837
                0x008006b2        0x2 RTOS/mem_mang/heap_1.o
 .bss.pxCurrentTCB
                0x008006b4        0x2 RTOS/tasks.o
                0x008006b4                pxCurrentTCB
 .bss.pxReadyTasksLists
                0x008006b6       0x24 RTOS/tasks.o
 .bss.xDelayedTaskList1
                0x008006da        0x9 RTOS/tasks.o
 .bss.xDelayedTaskList2
                0x008006e3        0x9 RTOS/tasks.o
 .bss.pxDelayedTaskList
                0x008006ec        0x2 RTOS/tasks.o
 .bss.pxOverflowDelayedTaskList
                0x008006ee        0x2 RTOS/tasks.o
 .bss.xPendingReadyList
                0x008006f0        0x9 RTOS/tasks.o
 .bss.xTasksWaitingTermination
                0x008006f9        0x9 RTOS/tasks.o
 .bss.uxTasksDeleted
                0x00800702        0x1 RTOS/tasks.o
 .bss.xSuspendedTaskList
                0x00800703        0x9 RTOS/tasks.o
 .bss.uxCurrentNumberOfTasks
                0x0080070c        0x1 RTOS/tasks.o
 .bss.xTickCount
                0x0080070d        0x2 RTOS/tasks.o
 .bss.uxTopReadyPriority
                0x0080070f        0x1 RTOS/tasks.o
 .bss.xSchedulerRunning
                0x00800710        0x1 RTOS/tasks.o
 .bss.uxPendedTicks
                0x00800711        0x1 RTOS/tasks.o
 .bss.xYieldPending
                0x00800712        0x1 RTOS/tasks.o
 .bss.xNumOfOverflows
                0x00800713        0x1 RTOS/tasks.o
 .bss.uxTaskNumber
                0x00800714        0x1 RTOS/tasks.o
 .bss.uxSchedulerSuspended
                0x00800715        0x1 RTOS/tasks.o
 .bss.xActiveTimerList1
                0x00800716        0x9 RTOS/timers.o
 .bss.xActiveTimerList2
                0x0080071f        0x9 RTOS/timers.o
 .bss.pxCurrentTimerList
                0x00800728        0x2 RTOS/timers.o
 .bss.pxOverflowTimerList
                0x0080072a        0x2 RTOS/timers.o
 .bss.xTimerQueue
                0x0080072c        0x2 RTOS/timers.o
 .bss.xLastTime.2077
                0x0080072e        0x2 RTOS/timers.o
 .bss.ucCurrentOutputValue
                0x00800730        0x1 Utils/ledUtil.o
 .bss.xPort     0x00800731        0x2 Utils/uartUtil.o
 *(COMMON)
 COMMON         0x00800733        0x4 Drivers/flash.o
                0x00800733                ledTaskHandle
                0x00800735                ledTaskRate
 COMMON         0x00800737       0x17 Drivers/Motor.o
                0x00800737                intOCR2B_Int
                0x0080073b                rate_up
                0x0080073f                vMotor_Handle
                0x00800741                durationHandle
                0x00800743                vMotorRamp_Handle
                0x00800745                rate_down
                0x00800749                clkElapsed
                0x0080074b                intOCR2B_Int_S
                0x0080074c                motor_semaphore
 COMMON         0x0080074e        0x4 Drivers/serial.o
                0x0080074e                xCharsForTx
                0x00800750                xRxedChars
 COMMON         0x00800752       0x24 Utils/uartUtil.o
                0x00800752                comTaskHandle
                0x00800754                buffer
                0x00800776                PROVIDE (__bss_end, .)
                0x00004476                __data_load_start = LOADADDR (.data)
                0x000044ac                __data_load_end = (__data_load_start + SIZEOF (.data))

.noinit         0x00800776        0x0
                0x00800776                PROVIDE (__noinit_start, .)
 *(.noinit*)
                0x00800776                PROVIDE (__noinit_end, .)
                0x00800776                _end = .
                0x00800776                PROVIDE (__heap_start, .)

.eeprom         0x00810000        0x0
 *(.eeprom*)
                0x00810000                __eeprom_end = .

.fuse
 *(.fuse)
 *(.lfuse)
 *(.hfuse)
 *(.efuse)

.lock
 *(.lock*)

.signature
 *(.signature*)

.user_signatures
 *(.user_signatures*)

.stab
 *(.stab)

.stabstr
 *(.stabstr)

.stab.excl
 *(.stab.excl)

.stab.exclstr
 *(.stab.exclstr)

.stab.index
 *(.stab.index)

.stab.indexstr
 *(.stab.indexstr)

.comment        0x00000000       0x30
 *(.comment)
 .comment       0x00000000       0x30 Drivers/flash.o
                                 0x31 (size before relaxing)
 .comment       0x00000000       0x31 Drivers/Motor.o
 .comment       0x00000000       0x31 Drivers/serial.o
 .comment       0x00000000       0x31 main.o
 .comment       0x00000000       0x31 RTOS/list.o
 .comment       0x00000000       0x31 RTOS/mem_mang/heap_1.o
 .comment       0x00000000       0x31 RTOS/portable/port.o
 .comment       0x00000000       0x31 RTOS/queue.o
 .comment       0x00000000       0x31 RTOS/tasks.o
 .comment       0x00000000       0x31 RTOS/timers.o
 .comment       0x00000000       0x31 Utils/ledUtil.o
 .comment       0x00000000       0x31 Utils/uartUtil.o

.note.gnu.build-id
 *(.note.gnu.build-id)

.debug
 *(.debug)

.line
 *(.line)

.debug_srcinfo
 *(.debug_srcinfo)

.debug_sfnames
 *(.debug_sfnames)

.debug_aranges
 *(.debug_aranges)

.debug_pubnames
 *(.debug_pubnames)

.debug_info
 *(.debug_info .gnu.linkonce.wi.*)

.debug_abbrev
 *(.debug_abbrev)

.debug_line
 *(.debug_line .debug_line.* .debug_line_end)

.debug_frame
 *(.debug_frame)

.debug_str
 *(.debug_str)

.debug_loc
 *(.debug_loc)

.debug_macinfo
 *(.debug_macinfo)

.debug_weaknames
 *(.debug_weaknames)

.debug_funcnames
 *(.debug_funcnames)

.debug_typenames
 *(.debug_typenames)

.debug_varnames
 *(.debug_varnames)

.debug_pubtypes
 *(.debug_pubtypes)

.debug_ranges
 *(.debug_ranges)

.debug_macro
 *(.debug_macro)
OUTPUT(Jv1b_eRTOS.elf elf32-avr)
LOAD linker stubs
